Component: ARM Compiler 5.06 update 2 (build 183) Tool: armlink [4d35b7]

==============================================================================

Section Cross References

    stm32f2xx_ll_usb.o(i.USB_ActivateDedicatedEndpoint) refers to stm32f2xx_ll_usb.o(.data) for .data
    stm32f2xx_ll_usb.o(i.USB_CoreInit) refers to stm32f2xx_ll_usb.o(i.USB_CoreReset) for USB_CoreReset
    stm32f2xx_ll_usb.o(i.USB_DevConnect) refers to stm32f2xx_hal.o(i.HAL_Delay) for HAL_Delay
    stm32f2xx_ll_usb.o(i.USB_DevDisconnect) refers to stm32f2xx_hal.o(i.HAL_Delay) for HAL_Delay
    stm32f2xx_ll_usb.o(i.USB_DevInit) refers to stm32f2xx_ll_usb.o(i.USB_FlushTxFifo) for USB_FlushTxFifo
    stm32f2xx_ll_usb.o(i.USB_DevInit) refers to stm32f2xx_ll_usb.o(i.USB_FlushRxFifo) for USB_FlushRxFifo
    stm32f2xx_ll_usb.o(i.USB_EPStartXfer) refers to stm32f2xx_ll_usb.o(i.USB_WritePacket) for USB_WritePacket
    stm32f2xx_ll_usb.o(i.USB_HC_StartXfer) refers to stm32f2xx_ll_usb.o(i.USB_DoPing) for USB_DoPing
    stm32f2xx_ll_usb.o(i.USB_HC_StartXfer) refers to stm32f2xx_ll_usb.o(i.USB_WritePacket) for USB_WritePacket
    stm32f2xx_ll_usb.o(i.USB_HostInit) refers to stm32f2xx_ll_usb.o(i.USB_FlushTxFifo) for USB_FlushTxFifo
    stm32f2xx_ll_usb.o(i.USB_HostInit) refers to stm32f2xx_ll_usb.o(i.USB_FlushRxFifo) for USB_FlushRxFifo
    stm32f2xx_ll_usb.o(i.USB_HostInit) refers to stm32f2xx_ll_usb.o(i.USB_DriveVbus) for USB_DriveVbus
    stm32f2xx_ll_usb.o(i.USB_HostInit) refers to stm32f2xx_hal.o(i.HAL_Delay) for HAL_Delay
    stm32f2xx_ll_usb.o(i.USB_ResetPort) refers to stm32f2xx_hal.o(i.HAL_Delay) for HAL_Delay
    stm32f2xx_ll_usb.o(i.USB_SetCurrentMode) refers to stm32f2xx_hal.o(i.HAL_Delay) for HAL_Delay
    stm32f2xx_ll_usb.o(i.USB_StopDevice) refers to stm32f2xx_ll_usb.o(i.USB_FlushRxFifo) for USB_FlushRxFifo
    stm32f2xx_ll_usb.o(i.USB_StopDevice) refers to stm32f2xx_ll_usb.o(i.USB_FlushTxFifo) for USB_FlushTxFifo
    stm32f2xx_ll_usb.o(i.USB_StopHost) refers to stm32f2xx_ll_usb.o(i.USB_FlushTxFifo) for USB_FlushTxFifo
    stm32f2xx_ll_usb.o(i.USB_StopHost) refers to stm32f2xx_ll_usb.o(i.USB_FlushRxFifo) for USB_FlushRxFifo
    stm32f2xx_hal_rcc_ex.o(i.HAL_RCCEx_PeriphCLKConfig) refers to stm32f2xx_hal.o(i.HAL_GetTick) for HAL_GetTick
    stm32f2xx_hal_gpio.o(i.HAL_GPIO_EXTI_IRQHandler) refers to stm32f2xx_hal_gpio.o(i.HAL_GPIO_EXTI_Callback) for HAL_GPIO_EXTI_Callback
    stm32f2xx_hal_cortex.o(i.HAL_NVIC_SetPriority) refers to stm32f2xx_hal_cortex.o(i.NVIC_SetPriority) for NVIC_SetPriority
    stm32f2xx_hal_cortex.o(i.HAL_SYSTICK_Config) refers to stm32f2xx_hal_cortex.o(i.NVIC_SetPriority) for NVIC_SetPriority
    stm32f2xx_hal_cortex.o(i.HAL_SYSTICK_IRQHandler) refers to stm32f2xx_hal_cortex.o(i.HAL_SYSTICK_Callback) for HAL_SYSTICK_Callback
    stm32f2xx_hal_dma_ex.o(i.HAL_DMAEx_MultiBufferStart) refers to stm32f2xx_hal_dma_ex.o(i.DMA_MultiBufferSetConfig) for DMA_MultiBufferSetConfig
    stm32f2xx_hal_dma_ex.o(i.HAL_DMAEx_MultiBufferStart_IT) refers to stm32f2xx_hal_dma_ex.o(i.DMA_MultiBufferSetConfig) for DMA_MultiBufferSetConfig
    stm32f2xx_hal_dma.o(i.DMA_CalcBaseAndBitshift) refers to stm32f2xx_hal_dma.o(.constdata) for .constdata
    stm32f2xx_hal_dma.o(i.HAL_DMA_Abort) refers to stm32f2xx_hal.o(i.HAL_GetTick) for HAL_GetTick
    stm32f2xx_hal_dma.o(i.HAL_DMA_DeInit) refers to stm32f2xx_hal_dma.o(i.DMA_CalcBaseAndBitshift) for DMA_CalcBaseAndBitshift
    stm32f2xx_hal_dma.o(i.HAL_DMA_IRQHandler) refers to system_stm32f2xx.o(.data) for SystemCoreClock
    stm32f2xx_hal_dma.o(i.HAL_DMA_Init) refers to stm32f2xx_hal.o(i.HAL_GetTick) for HAL_GetTick
    stm32f2xx_hal_dma.o(i.HAL_DMA_Init) refers to stm32f2xx_hal_dma.o(i.DMA_CheckFifoParam) for DMA_CheckFifoParam
    stm32f2xx_hal_dma.o(i.HAL_DMA_Init) refers to stm32f2xx_hal_dma.o(i.DMA_CalcBaseAndBitshift) for DMA_CalcBaseAndBitshift
    stm32f2xx_hal_dma.o(i.HAL_DMA_PollForTransfer) refers to stm32f2xx_hal.o(i.HAL_GetTick) for HAL_GetTick
    stm32f2xx_hal_dma.o(i.HAL_DMA_PollForTransfer) refers to stm32f2xx_hal_dma.o(i.HAL_DMA_Abort) for HAL_DMA_Abort
    stm32f2xx_hal_dma.o(i.HAL_DMA_Start) refers to stm32f2xx_hal_dma.o(i.DMA_SetConfig) for DMA_SetConfig
    stm32f2xx_hal_dma.o(i.HAL_DMA_Start_IT) refers to stm32f2xx_hal_dma.o(i.DMA_SetConfig) for DMA_SetConfig
    stm32f2xx_hal_spi.o(i.HAL_SPI_DMAStop) refers to stm32f2xx_hal_dma.o(i.HAL_DMA_Abort) for HAL_DMA_Abort
    stm32f2xx_hal_spi.o(i.HAL_SPI_DeInit) refers to stm32f2xx_hal_msp.o(i.HAL_SPI_MspDeInit) for HAL_SPI_MspDeInit
    stm32f2xx_hal_spi.o(i.HAL_SPI_IRQHandler) refers to stm32f2xx_hal_dma.o(i.HAL_DMA_Abort_IT) for HAL_DMA_Abort_IT
    stm32f2xx_hal_spi.o(i.HAL_SPI_IRQHandler) refers to stm32f2xx_hal_spi.o(i.HAL_SPI_ErrorCallback) for HAL_SPI_ErrorCallback
    stm32f2xx_hal_spi.o(i.HAL_SPI_IRQHandler) refers to stm32f2xx_hal_spi.o(i.SPI_DMAAbortOnError) for SPI_DMAAbortOnError
    stm32f2xx_hal_spi.o(i.HAL_SPI_Init) refers to stm32f2xx_hal_msp.o(i.HAL_SPI_MspInit) for HAL_SPI_MspInit
[...]
    Removing stm32f2xx_hal_pwr_ex.o(i.HAL_PWREx_EnableBkUpReg), (76 bytes).
    Removing stm32f2xx_hal_pwr_ex.o(i.HAL_PWREx_EnableFlashPowerDown), (24 bytes).
    Removing stm32f2xx_hal_uart.o(.rev16_text), (4 bytes).
    Removing stm32f2xx_hal_uart.o(.revsh_text), (4 bytes).
    Removing stm32f2xx_hal_uart.o(.rrx_text), (6 bytes).
    Removing stm32f2xx_hal_uart.o(i.HAL_HalfDuplex_EnableReceiver), (50 bytes).
    Removing stm32f2xx_hal_uart.o(i.HAL_HalfDuplex_EnableTransmitter), (50 bytes).
    Removing stm32f2xx_hal_uart.o(i.HAL_HalfDuplex_Init), (108 bytes).
    Removing stm32f2xx_hal_uart.o(i.HAL_LIN_Init), (128 bytes).
    Removing stm32f2xx_hal_uart.o(i.HAL_LIN_SendBreak), (46 bytes).
    Removing stm32f2xx_hal_uart.o(i.HAL_MultiProcessor_EnterMuteMode), (46 bytes).
    Removing stm32f2xx_hal_uart.o(i.HAL_MultiProcessor_ExitMuteMode), (46 bytes).
    Removing stm32f2xx_hal_uart.o(i.HAL_MultiProcessor_Init), (142 bytes).
    Removing stm32f2xx_hal_uart.o(i.HAL_UART_DMAPause), (102 bytes).
    Removing stm32f2xx_hal_uart.o(i.HAL_UART_DMAResume), (94 bytes).
    Removing stm32f2xx_hal_uart.o(i.HAL_UART_DMAStop), (88 bytes).
    Removing stm32f2xx_hal_uart.o(i.HAL_UART_DeInit), (40 bytes).
    Removing stm32f2xx_hal_uart.o(i.HAL_UART_ErrorCallback), (2 bytes).
    Removing stm32f2xx_hal_uart.o(i.HAL_UART_GetError), (4 bytes).
    Removing stm32f2xx_hal_uart.o(i.HAL_UART_GetState), (10 bytes).
    Removing stm32f2xx_hal_uart.o(i.HAL_UART_IRQHandler), (272 bytes).
    Removing stm32f2xx_hal_uart.o(i.HAL_UART_MspDeInit), (2 bytes).
    Removing stm32f2xx_hal_uart.o(i.HAL_UART_MspInit), (2 bytes).
    Removing stm32f2xx_hal_uart.o(i.HAL_UART_Receive), (184 bytes).
    Removing stm32f2xx_hal_uart.o(i.HAL_UART_Receive_DMA), (144 bytes).
    Removing stm32f2xx_hal_uart.o(i.HAL_UART_Receive_IT), (72 bytes).
    Removing stm32f2xx_hal_uart.o(i.HAL_UART_RxCpltCallback), (2 bytes).
    Removing stm32f2xx_hal_uart.o(i.HAL_UART_RxHalfCpltCallback), (2 bytes).
    Removing stm32f2xx_hal_uart.o(i.HAL_UART_Transmit), (186 bytes).
    Removing stm32f2xx_hal_uart.o(i.HAL_UART_Transmit_DMA), (128 bytes).
    Removing stm32f2xx_hal_uart.o(i.HAL_UART_Transmit_IT), (62 bytes).
    Removing stm32f2xx_hal_uart.o(i.HAL_UART_TxCpltCallback), (2 bytes).
    Removing stm32f2xx_hal_uart.o(i.HAL_UART_TxHalfCpltCallback), (2 bytes).
    Removing stm32f2xx_hal_uart.o(i.UART_DMAAbortOnError), (16 bytes).
    Removing stm32f2xx_hal_uart.o(i.UART_DMAError), (74 bytes).
    Removing stm32f2xx_hal_uart.o(i.UART_DMAReceiveCplt), (60 bytes).
    Removing stm32f2xx_hal_uart.o(i.UART_DMARxHalfCplt), (10 bytes).
    Removing stm32f2xx_hal_uart.o(i.UART_DMATransmitCplt), (46 bytes).
    Removing stm32f2xx_hal_uart.o(i.UART_DMATxHalfCplt), (10 bytes).
    Removing stm32f2xx_hal_uart.o(i.UART_EndRxTransfer), (28 bytes).
    Removing stm32f2xx_hal_uart.o(i.UART_EndTxTransfer), (18 bytes).
    Removing stm32f2xx_hal_uart.o(i.UART_Receive_IT), (140 bytes).
    Removing stm32f2xx_hal_uart.o(i.UART_Transmit_IT), (98 bytes).
    Removing stm32f2xx_hal_uart.o(i.UART_WaitOnFlagUntilTimeout), (100 bytes).
    Removing stm32f2xx_hal_flash.o(.rev16_text), (4 bytes).
    Removing stm32f2xx_hal_flash.o(.revsh_text), (4 bytes).
    Removing stm32f2xx_hal_flash.o(.rrx_text), (6 bytes).
    Removing stm32f2xx_hal_flash.o(i.FLASH_Program_Byte), (32 bytes).
    Removing stm32f2xx_hal_flash.o(i.FLASH_Program_DoubleWord), (40 bytes).
    Removing stm32f2xx_hal_flash.o(i.FLASH_Program_HalfWord), (36 bytes).
    Removing stm32f2xx_hal_flash.o(i.FLASH_Program_Word), (36 bytes).
    Removing stm32f2xx_hal_flash.o(i.FLASH_SetErrorCode), (116 bytes).
    Removing stm32f2xx_hal_flash.o(i.FLASH_WaitForLastOperation), (88 bytes).
    Removing stm32f2xx_hal_flash.o(i.HAL_FLASH_EndOfOperationCallback), (2 bytes).
    Removing stm32f2xx_hal_flash.o(i.HAL_FLASH_GetError), (12 bytes).
    Removing stm32f2xx_hal_flash.o(i.HAL_FLASH_IRQHandler), (208 bytes).
    Removing stm32f2xx_hal_flash.o(i.HAL_FLASH_Lock), (20 bytes).
    Removing stm32f2xx_hal_flash.o(i.HAL_FLASH_OB_Launch), (24 bytes).
    Removing stm32f2xx_hal_flash.o(i.HAL_FLASH_OB_Lock), (20 bytes).
    Removing stm32f2xx_hal_flash.o(i.HAL_FLASH_OB_Unlock), (40 bytes).
    Removing stm32f2xx_hal_flash.o(i.HAL_FLASH_OperationErrorCallback), (2 bytes).
    Removing stm32f2xx_hal_flash.o(i.HAL_FLASH_Program), (124 bytes).
    Removing stm32f2xx_hal_flash.o(i.HAL_FLASH_Program_IT), (108 bytes).
    Removing stm32f2xx_hal_flash.o(i.HAL_FLASH_Unlock), (40 bytes).
    Removing stm32f2xx_hal_flash.o(.bss), (32 bytes).
    Removing stm32f2xx_hal_sd.o(.rev16_text), (4 bytes).
    Removing stm32f2xx_hal_sd.o(.revsh_text), (4 bytes).
    Removing stm32f2xx_hal_sd.o(.rrx_text), (6 bytes).
    Removing stm32f2xx_ll_sdmmc.o(.rev16_text), (4 bytes).
    Removing stm32f2xx_ll_sdmmc.o(.revsh_text), (4 bytes).
    Removing stm32f2xx_ll_sdmmc.o(.rrx_text), (6 bytes).
    Removing system_stm32f2xx.o(.rev16_text), (4 bytes).
    Removing system_stm32f2xx.o(.revsh_text), (4 bytes).
    Removing system_stm32f2xx.o(.rrx_text), (6 bytes).
    Removing system_stm32f2xx.o(i.SystemCoreClockUpdate), (124 bytes).
    Removing system_stm32f2xx.o(.constdata), (16 bytes).
    Removing stm32f2xx_hal_msp.o(.rev16_text), (4 bytes).
    Removing stm32f2xx_hal_msp.o(.revsh_text), (4 bytes).
    Removing stm32f2xx_hal_msp.o(.rrx_text), (6 bytes).
    Removing stm32f2xx_hal_msp.o(i.HAL_I2C_MspDeInit), (40 bytes).
    Removing stm32f2xx_hal_msp.o(i.HAL_PCD_MspDeInit), (56 bytes).
    Removing stm32f2xx_hal_msp.o(i.HAL_SPI_MspDeInit), (92 bytes).
    Removing stm32f2xx_hal_msp.o(i.HAL_TIM_Base_MspDeInit), (28 bytes).
    Removing stm32f2xx_hal_msp.o(i.HAL_UART_MspDeInit), (68 bytes).
    Removing main.o(.rev16_text), (4 bytes).
    Removing main.o(.revsh_text), (4 bytes).
    Removing main.o(.rrx_text), (6 bytes).
    Removing main.o(i.Error_Handler), (2 bytes).
    Removing main.o(i.StartDefaultTask), (8 bytes).
    Removing main.o(.data), (4 bytes).
    Removing stm32f2xx_it.o(.rev16_text), (4 bytes).
    Removing stm32f2xx_it.o(.revsh_text), (4 bytes).
    Removing stm32f2xx_it.o(.rrx_text), (6 bytes).
    Removing stm32f2xx_hal_timebase_tim.o(.rev16_text), (4 bytes).
    Removing stm32f2xx_hal_timebase_tim.o(.revsh_text), (4 bytes).
    Removing stm32f2xx_hal_timebase_tim.o(.rrx_text), (6 bytes).
    Removing stm32f2xx_hal_timebase_tim.o(i.HAL_ResumeTick), (20 bytes).
    Removing stm32f2xx_hal_timebase_tim.o(i.HAL_SuspendTick), (20 bytes).
    Removing stm32f2xx_hal_timebase_tim.o(.data), (4 bytes).
    Removing startup_stm32f205xx.o(HEAP), (512 bytes).
    Removing app_led.o(.rev16_text), (4 bytes).
    Removing app_led.o(.revsh_text), (4 bytes).
    Removing heap_4.o(i.vPortInitialiseBlocks), (2 bytes).
    Removing heap_4.o(i.xPortGetFreeHeapSize), (12 bytes).
    Removing heap_4.o(i.xPortGetMinimumEverFreeHeapSize), (12 bytes).
    Removing tasks.o(i.prvListTaskWithinSingleList), (138 bytes).
    Removing tasks.o(i.prvTaskIsTaskSuspended), (44 bytes).
    Removing tasks.o(i.pvTaskIncrementMutexHeldCount), (24 bytes).
    Removing tasks.o(i.ulTaskNotifyTake), (140 bytes).
    Removing tasks.o(i.uxTaskGetNumberOfTasks), (12 bytes).
    Removing tasks.o(i.uxTaskGetSystemState), (148 bytes).
    Removing tasks.o(i.uxTaskGetTaskNumber), (8 bytes).
    Removing tasks.o(i.uxTaskPriorityGet), (28 bytes).
    Removing tasks.o(i.uxTaskPriorityGetFromISR), (32 bytes).
    Removing tasks.o(i.uxTaskResetEventItemValue), (24 bytes).
    Removing tasks.o(i.vTaskDelete), (140 bytes).
    Removing tasks.o(i.vTaskEndScheduler), (24 bytes).
    Removing tasks.o(i.vTaskMissedYield), (12 bytes).
    Removing tasks.o(i.vTaskNotifyGiveFromISR), (144 bytes).
    Removing tasks.o(i.vTaskPlaceOnEventList), (88 bytes).
    Removing tasks.o(i.vTaskPlaceOnUnorderedEventList), (108 bytes).
    Removing tasks.o(i.vTaskPriorityInherit), (132 bytes).
    Removing tasks.o(i.vTaskPrioritySet), (168 bytes).
    Removing tasks.o(i.vTaskResume), (104 bytes).
    Removing tasks.o(i.vTaskSetTaskNumber), (8 bytes).
    Removing tasks.o(i.vTaskSetTimeOutState), (28 bytes).
    Removing tasks.o(i.vTaskSuspend), (156 bytes).
    Removing tasks.o(i.xTaskCheckForTimeOut), (88 bytes).
    Removing tasks.o(i.xTaskGenericNotify), (168 bytes).
    Removing tasks.o(i.xTaskGenericNotifyFromISR), (204 bytes).
    Removing tasks.o(i.xTaskGetCurrentTaskHandle), (12 bytes).
    Removing tasks.o(i.xTaskGetTickCount), (12 bytes).
    Removing tasks.o(i.xTaskGetTickCountFromISR), (16 bytes).
    Removing tasks.o(i.xTaskNotifyStateClear), (48 bytes).
    Removing tasks.o(i.xTaskNotifyWait), (168 bytes).
    Removing tasks.o(i.xTaskPriorityDisinherit), (132 bytes).
    Removing tasks.o(i.xTaskRemoveFromEventList), (108 bytes).
    Removing tasks.o(i.xTaskRemoveFromUnorderedEventList), (100 bytes).
    Removing tasks.o(i.xTaskResumeFromISR), (120 bytes).
    Removing cmsis_os.o(.rev16_text), (4 bytes).
    Removing cmsis_os.o(.revsh_text), (4 bytes).
    Removing cmsis_os.o(i.inHandlerMode), (12 bytes).
    Removing cmsis_os.o(i.makeCmsisPriority), (14 bytes).
    Removing cmsis_os.o(i.makeFreeRtosPriority), (12 bytes).
    Removing cmsis_os.o(i.osDelay), (14 bytes).
    Removing cmsis_os.o(i.osDelayUntil), (4 bytes).
    Removing cmsis_os.o(i.osKernelRunning), (18 bytes).
    Removing cmsis_os.o(i.osKernelStart), (10 bytes).
    Removing cmsis_os.o(i.osKernelSysTick), (24 bytes).
    Removing cmsis_os.o(i.osMailAlloc), (12 bytes).
    Removing cmsis_os.o(i.osMailCAlloc), (24 bytes).
    Removing cmsis_os.o(i.osMailCreate), (92 bytes).
    Removing cmsis_os.o(i.osMailFree), (12 bytes).
    Removing cmsis_os.o(i.osMailGet), (140 bytes).
    Removing cmsis_os.o(i.osMailPut), (84 bytes).
    Removing cmsis_os.o(i.osMessageCreate), (8 bytes).
    Removing cmsis_os.o(i.osMessageGet), (144 bytes).
    Removing cmsis_os.o(i.osMessagePeek), (78 bytes).
    Removing cmsis_os.o(i.osMessagePut), (84 bytes).
    Removing cmsis_os.o(i.osMutexCreate), (6 bytes).
    Removing cmsis_os.o(i.osMutexDelete), (24 bytes).
    Removing cmsis_os.o(i.osMutexRelease), (72 bytes).
    Removing cmsis_os.o(i.osMutexWait), (96 bytes).
    Removing cmsis_os.o(i.osPoolAlloc), (96 bytes).
    Removing cmsis_os.o(i.osPoolCAlloc), (16 bytes).
    Removing cmsis_os.o(i.osPoolCreate), (94 bytes).
    Removing cmsis_os.o(i.osPoolFree), (48 bytes).
    Removing cmsis_os.o(i.osRecursiveMutexCreate), (4 bytes).
    Removing cmsis_os.o(i.osRecursiveMutexRelease), (4 bytes).
    Removing cmsis_os.o(i.osRecursiveMutexWait), (4 bytes).
    Removing cmsis_os.o(i.osSemaphoreCreate), (38 bytes).
    Removing cmsis_os.o(i.osSemaphoreDelete), (24 bytes).
    Removing cmsis_os.o(i.osSemaphoreRelease), (72 bytes).
    Removing cmsis_os.o(i.osSemaphoreWait), (96 bytes).
    Removing cmsis_os.o(i.osSignalSet), (80 bytes).
    Removing cmsis_os.o(i.osSignalWait), (86 bytes).
    Removing cmsis_os.o(i.osThreadCreate), (56 bytes).
    Removing cmsis_os.o(i.osThreadGetId), (4 bytes).
    Removing cmsis_os.o(i.osThreadGetPriority), (32 bytes).
    Removing cmsis_os.o(i.osThreadList), (4 bytes).
    Removing cmsis_os.o(i.osThreadResume), (44 bytes).
    Removing cmsis_os.o(i.osThreadResumeAll), (18 bytes).
    Removing cmsis_os.o(i.osThreadSetPriority), (22 bytes).
    Removing cmsis_os.o(i.osThreadSuspend), (10 bytes).
    Removing cmsis_os.o(i.osThreadSuspendAll), (10 bytes).
    Removing cmsis_os.o(i.osThreadTerminate), (10 bytes).
    Removing cmsis_os.o(i.osThreadYield), (10 bytes).
    Removing cmsis_os.o(i.osTimerCreate), (4 bytes).
    Removing cmsis_os.o(i.osTimerDelete), (4 bytes).
    Removing cmsis_os.o(i.osTimerStart), (4 bytes).
    Removing cmsis_os.o(i.osTimerStop), (4 bytes).
    Removing queue.o(i.prvCopyDataFromQueue), (38 bytes).
    Removing queue.o(i.prvCopyDataToQueue), (110 bytes).
    Removing queue.o(i.prvUnlockQueue), (100 bytes).
    Removing queue.o(i.ucQueueGetQueueType), (6 bytes).
    Removing queue.o(i.uxQueueGetQueueNumber), (4 bytes).
    Removing queue.o(i.uxQueueMessagesWaiting), (26 bytes).
    Removing queue.o(i.uxQueueMessagesWaitingFromISR), (14 bytes).
    Removing queue.o(i.uxQueueSpacesAvailable), (30 bytes).
    Removing queue.o(i.vQueueAddToRegistry), (40 bytes).
    Removing queue.o(i.vQueueDelete), (26 bytes).
    Removing queue.o(i.vQueueSetQueueNumber), (4 bytes).
    Removing queue.o(i.vQueueUnregisterQueue), (36 bytes).
    Removing queue.o(i.xQueueCreateMutex), (74 bytes).
    Removing queue.o(i.xQueueGenericCreate), (80 bytes).
    Removing queue.o(i.xQueueGenericReceive), (302 bytes).
    Removing queue.o(i.xQueueGenericReset), (106 bytes).
    Removing queue.o(i.xQueueGenericSend), (276 bytes).
    Removing queue.o(i.xQueueGenericSendFromISR), (140 bytes).
    Removing queue.o(i.xQueueGiveFromISR), (118 bytes).
    Removing queue.o(i.xQueueIsQueueEmptyFromISR), (22 bytes).
    Removing queue.o(i.xQueueIsQueueFullFromISR), (26 bytes).
    Removing queue.o(i.xQueuePeekFromISR), (82 bytes).
    Removing queue.o(i.xQueueReceiveFromISR), (118 bytes).
    Removing queue.o(.bss), (64 bytes).
    Removing port.o(i.vPortEndScheduler), (24 bytes).
    Removing port.o(i.vPortValidateInterruptPriority), (64 bytes).
    Removing event_groups.o(i.prvTestWaitCondition), (20 bytes).
    Removing event_groups.o(i.uxEventGroupGetNumber), (8 bytes).
    Removing event_groups.o(i.vEventGroupClearBitsCallback), (4 bytes).
    Removing event_groups.o(i.vEventGroupDelete), (60 bytes).
    Removing event_groups.o(i.vEventGroupSetBitsCallback), (4 bytes).
    Removing event_groups.o(i.xEventGroupClearBits), (44 bytes).
    Removing event_groups.o(i.xEventGroupCreate), (26 bytes).
    Removing event_groups.o(i.xEventGroupGetBitsFromISR), (18 bytes).
    Removing event_groups.o(i.xEventGroupSetBits), (120 bytes).
    Removing event_groups.o(i.xEventGroupSync), (156 bytes).
    Removing event_groups.o(i.xEventGroupWaitBits), (208 bytes).
    Removing bsp_led.o(.rev16_text), (4 bytes).
    Removing bsp_led.o(.revsh_text), (4 bytes).
    Removing bsp_led.o(.rrx_text), (6 bytes).
    Removing bsp_led.o(i.LEDx_StateSet), (204 bytes).

654 unused section(s) (total 48694 bytes) removed from the image.

==============================================================================

Image Symbol Table

    Local Symbols

    Symbol Name                              Value     Ov Type        Size  Object(Section)

    ../Drivers/STM32F2xx_HAL_Driver/Src/stm32f2xx_hal.c 0x00000000   Number         0  stm32f2xx_hal.o ABSOLUTE
    ../Drivers/STM32F2xx_HAL_Driver/Src/stm32f2xx_hal_cortex.c 0x00000000   Number         0  stm32f2xx_hal_cortex.o ABSOLUTE
    ../Drivers/STM32F2xx_HAL_Driver/Src/stm32f2xx_hal_dma.c 0x00000000   Number         0  stm32f2xx_hal_dma.o ABSOLUTE
    ../Drivers/STM32F2xx_HAL_Driver/Src/stm32f2xx_hal_dma_ex.c 0x00000000   Number         0  stm32f2xx_hal_dma_ex.o ABSOLUTE
    ../Drivers/STM32F2xx_HAL_Driver/Src/stm32f2xx_hal_flash.c 0x00000000   Number         0  stm32f2xx_hal_flash.o ABSOLUTE
    ../Drivers/STM32F2xx_HAL_Driver/Src/stm32f2xx_hal_flash_ex.c 0x00000000   Number         0  stm32f2xx_hal_flash_ex.o ABSOLUTE
    ../Drivers/STM32F2xx_HAL_Driver/Src/stm32f2xx_hal_gpio.c 0x00000000   Number         0  stm32f2xx_hal_gpio.o ABSOLUTE
    ../Drivers/STM32F2xx_HAL_Driver/Src/stm32f2xx_hal_i2c.c 0x00000000   Number         0  stm32f2xx_hal_i2c.o ABSOLUTE
    ../Drivers/STM32F2xx_HAL_Driver/Src/stm32f2xx_hal_pcd.c 0x00000000   Number         0  stm32f2xx_hal_pcd.o ABSOLUTE
    ../Drivers/STM32F2xx_HAL_Driver/Src/stm32f2xx_hal_pcd_ex.c 0x00000000   Number         0  stm32f2xx_hal_pcd_ex.o ABSOLUTE
    ../Drivers/STM32F2xx_HAL_Driver/Src/stm32f2xx_hal_pwr.c 0x00000000   Number         0  stm32f2xx_hal_pwr.o ABSOLUTE
    ../Drivers/STM32F2xx_HAL_Driver/Src/stm32f2xx_hal_pwr_ex.c 0x00000000   Number         0  stm32f2xx_hal_pwr_ex.o ABSOLUTE
    ../Drivers/STM32F2xx_HAL_Driver/Src/stm32f2xx_hal_rcc.c 0x00000000   Number         0  stm32f2xx_hal_rcc.o ABSOLUTE
    ../Drivers/STM32F2xx_HAL_Driver/Src/stm32f2xx_hal_rcc_ex.c 0x00000000   Number         0  stm32f2xx_hal_rcc_ex.o ABSOLUTE
    ../Drivers/STM32F2xx_HAL_Driver/Src/stm32f2xx_hal_sd.c 0x00000000   Number         0  stm32f2xx_hal_sd.o ABSOLUTE
    ../Drivers/STM32F2xx_HAL_Driver/Src/stm32f2xx_hal_spi.c 0x00000000   Number         0  stm32f2xx_hal_spi.o ABSOLUTE
    ../Drivers/STM32F2xx_HAL_Driver/Src/stm32f2xx_hal_tim.c 0x00000000   Number         0  stm32f2xx_hal_tim.o ABSOLUTE
    ../Drivers/STM32F2xx_HAL_Driver/Src/stm32f2xx_hal_tim_ex.c 0x00000000   Number         0  stm32f2xx_hal_tim_ex.o ABSOLUTE
    ../Drivers/STM32F2xx_HAL_Driver/Src/stm32f2xx_hal_uart.c 0x00000000   Number         0  stm32f2xx_hal_uart.o ABSOLUTE
    ../Drivers/STM32F2xx_HAL_Driver/Src/stm32f2xx_ll_sdmmc.c 0x00000000   Number         0  stm32f2xx_ll_sdmmc.o ABSOLUTE
    ../Drivers/STM32F2xx_HAL_Driver/Src/stm32f2xx_ll_usb.c 0x00000000   Number         0  stm32f2xx_ll_usb.o ABSOLUTE
    ../Middlewares/Third_Party/FreeRTOS/Source/CMSIS_RTOS/cmsis_os.c 0x00000000   Number         0  cmsis_os.o ABSOLUTE
    ../Middlewares/Third_Party/FreeRTOS/Source/croutine.c 0x00000000   Number         0  croutine.o ABSOLUTE
    ../Middlewares/Third_Party/FreeRTOS/Source/event_groups.c 0x00000000   Number         0  event_groups.o ABSOLUTE
    ../Middlewares/Third_Party/FreeRTOS/Source/list.c 0x00000000   Number         0  list.o ABSOLUTE
    ../Middlewares/Third_Party/FreeRTOS/Source/portable/MemMang/heap_4.c 0x00000000   Number         0  heap_4.o ABSOLUTE
    ../Middlewares/Third_Party/FreeRTOS/Source/portable/RVDS/ARM_CM3/port.c 0x00000000   Number         0  port.o ABSOLUTE
    ../Middlewares/Third_Party/FreeRTOS/Source/queue.c 0x00000000   Number         0  queue.o ABSOLUTE
    ../Middlewares/Third_Party/FreeRTOS/Source/tasks.c 0x00000000   Number         0  tasks.o ABSOLUTE
    ../Middlewares/Third_Party/FreeRTOS/Source/timers.c 0x00000000   Number         0  timers.o ABSOLUTE
    ../Src/freertos.c                        0x00000000   Number         0  freertos.o ABSOLUTE
    ../Src/main.c                            0x00000000   Number         0  main.o ABSOLUTE
    ../Src/stm32f2xx_hal_msp.c               0x00000000   Number         0  stm32f2xx_hal_msp.o ABSOLUTE
    ../Src/stm32f2xx_hal_timebase_TIM.c      0x00000000   Number         0  stm32f2xx_hal_timebase_tim.o ABSOLUTE
    ../Src/stm32f2xx_it.c                    0x00000000   Number         0  stm32f2xx_it.o ABSOLUTE
    ../Src/system_stm32f2xx.c                0x00000000   Number         0  system_stm32f2xx.o ABSOLUTE
    ../clib/microlib/init/entry.s            0x00000000   Number         0  entry10b.o ABSOLUTE
    ../clib/microlib/init/entry.s            0x00000000   Number         0  entry10a.o ABSOLUTE
    ../clib/microlib/init/entry.s            0x00000000   Number         0  entry9b.o ABSOLUTE
    ../clib/microlib/init/entry.s            0x00000000   Number         0  entry9a.o ABSOLUTE
    ../clib/microlib/init/entry.s            0x00000000   Number         0  entry8b.o ABSOLUTE
    ../clib/microlib/init/entry.s            0x00000000   Number         0  entry7b.o ABSOLUTE
    ../clib/microlib/init/entry.s            0x00000000   Number         0  entry7a.o ABSOLUTE
    ../clib/microlib/init/entry.s            0x00000000   Number         0  entry5.o ABSOLUTE
    ../clib/microlib/init/entry.s            0x00000000   Number         0  entry2.o ABSOLUTE
    ../clib/microlib/init/entry.s            0x00000000   Number         0  entry.o ABSOLUTE
    ../clib/microlib/init/entry.s            0x00000000   Number         0  entry11a.o ABSOLUTE
    ../clib/microlib/init/entry.s            0x00000000   Number         0  entry8a.o ABSOLUTE
    ../clib/microlib/init/entry.s            0x00000000   Number         0  entry11b.o ABSOLUTE
    ../clib/microlib/string/memcpy.c         0x00000000   Number         0  memcpyb.o ABSOLUTE
    ../clib/microlib/string/memcpy.c         0x00000000   Number         0  memcpya.o ABSOLUTE
    ../clib/microlib/string/memset.c         0x00000000   Number         0  memseta.o ABSOLUTE
    ..\Drivers\STM32F2xx_HAL_Driver\Src\stm32f2xx_hal.c 0x00000000   Number         0  stm32f2xx_hal.o ABSOLUTE
    ..\Drivers\STM32F2xx_HAL_Driver\Src\stm32f2xx_hal_cortex.c 0x00000000   Number         0  stm32f2xx_hal_cortex.o ABSOLUTE
    ..\Drivers\STM32F2xx_HAL_Driver\Src\stm32f2xx_hal_dma.c 0x00000000   Number         0  stm32f2xx_hal_dma.o ABSOLUTE
    ..\Drivers\STM32F2xx_HAL_Driver\Src\stm32f2xx_hal_dma_ex.c 0x00000000   Number         0  stm32f2xx_hal_dma_ex.o ABSOLUTE
    ..\Drivers\STM32F2xx_HAL_Driver\Src\stm32f2xx_hal_flash.c 0x00000000   Number         0  stm32f2xx_hal_flash.o ABSOLUTE
    ..\Drivers\STM32F2xx_HAL_Driver\Src\stm32f2xx_hal_flash_ex.c 0x00000000   Number         0  stm32f2xx_hal_flash_ex.o ABSOLUTE
    ..\Drivers\STM32F2xx_HAL_Driver\Src\stm32f2xx_hal_gpio.c 0x00000000   Number         0  stm32f2xx_hal_gpio.o ABSOLUTE
    ..\Drivers\STM32F2xx_HAL_Driver\Src\stm32f2xx_hal_i2c.c 0x00000000   Number         0  stm32f2xx_hal_i2c.o ABSOLUTE
    ..\Drivers\STM32F2xx_HAL_Driver\Src\stm32f2xx_hal_pcd.c 0x00000000   Number         0  stm32f2xx_hal_pcd.o ABSOLUTE
    ..\Drivers\STM32F2xx_HAL_Driver\Src\stm32f2xx_hal_pcd_ex.c 0x00000000   Number         0  stm32f2xx_hal_pcd_ex.o ABSOLUTE
    ..\Drivers\STM32F2xx_HAL_Driver\Src\stm32f2xx_hal_pwr.c 0x00000000   Number         0  stm32f2xx_hal_pwr.o ABSOLUTE
    ..\Drivers\STM32F2xx_HAL_Driver\Src\stm32f2xx_hal_pwr_ex.c 0x00000000   Number         0  stm32f2xx_hal_pwr_ex.o ABSOLUTE
    ..\Drivers\STM32F2xx_HAL_Driver\Src\stm32f2xx_hal_rcc.c 0x00000000   Number         0  stm32f2xx_hal_rcc.o ABSOLUTE
    ..\Drivers\STM32F2xx_HAL_Driver\Src\stm32f2xx_hal_rcc_ex.c 0x00000000   Number         0  stm32f2xx_hal_rcc_ex.o ABSOLUTE
    ..\Drivers\STM32F2xx_HAL_Driver\Src\stm32f2xx_hal_sd.c 0x00000000   Number         0  stm32f2xx_hal_sd.o ABSOLUTE
    ..\Drivers\STM32F2xx_HAL_Driver\Src\stm32f2xx_hal_spi.c 0x00000000   Number         0  stm32f2xx_hal_spi.o ABSOLUTE
    ..\Drivers\STM32F2xx_HAL_Driver\Src\stm32f2xx_hal_tim.c 0x00000000   Number         0  stm32f2xx_hal_tim.o ABSOLUTE
    ..\Drivers\STM32F2xx_HAL_Driver\Src\stm32f2xx_hal_tim_ex.c 0x00000000   Number         0  stm32f2xx_hal_tim_ex.o ABSOLUTE
    ..\Drivers\STM32F2xx_HAL_Driver\Src\stm32f2xx_hal_uart.c 0x00000000   Number         0  stm32f2xx_hal_uart.o ABSOLUTE
    ..\Drivers\STM32F2xx_HAL_Driver\Src\stm32f2xx_ll_sdmmc.c 0x00000000   Number         0  stm32f2xx_ll_sdmmc.o ABSOLUTE
    ..\Drivers\STM32F2xx_HAL_Driver\Src\stm32f2xx_ll_usb.c 0x00000000   Number         0  stm32f2xx_ll_usb.o ABSOLUTE
    ..\Middlewares\Third_Party\FreeRTOS\Source\CMSIS_RTOS\cmsis_os.c 0x00000000   Number         0  cmsis_os.o ABSOLUTE
    ..\Middlewares\Third_Party\FreeRTOS\Source\portable\RVDS\ARM_CM3\port.c 0x00000000   Number         0  port.o ABSOLUTE
    ..\Src\app_led.c                         0x00000000   Number         0  app_led.o ABSOLUTE
    ..\Src\bsp\led\bsp_led.c                 0x00000000   Number         0  bsp_led.o ABSOLUTE
    ..\Src\main.c                            0x00000000   Number         0  main.o ABSOLUTE
    ..\Src\stm32f2xx_hal_msp.c               0x00000000   Number         0  stm32f2xx_hal_msp.o ABSOLUTE
    ..\Src\stm32f2xx_hal_timebase_TIM.c      0x00000000   Number         0  stm32f2xx_hal_timebase_tim.o ABSOLUTE
    ..\Src\stm32f2xx_it.c                    0x00000000   Number         0  stm32f2xx_it.o ABSOLUTE
    ..\Src\system_stm32f2xx.c                0x00000000   Number         0  system_stm32f2xx.o ABSOLUTE
    ..\\Src\\app_led.c                       0x00000000   Number         0  app_led.o ABSOLUTE
    ..\\Src\\bsp\\led\\bsp_led.c             0x00000000   Number         0  bsp_led.o ABSOLUTE
    dc.s                                     0x00000000   Number         0  dc.o ABSOLUTE
    handlers.s                               0x00000000   Number         0  handlers.o ABSOLUTE
    init.s                                   0x00000000   Number         0  init.o ABSOLUTE
    startup_stm32f205xx.s                    0x00000000   Number         0  startup_stm32f205xx.o ABSOLUTE
    RESET                                    0x08000000   Section      388  startup_stm32f205xx.o(RESET)
    .ARM.Collect$$$$00000000                 0x08000184   Section        0  entry.o(.ARM.Collect$$$$00000000)
    .ARM.Collect$$$$00000001                 0x08000184   Section        4  entry2.o(.ARM.Collect$$$$00000001)
    .ARM.Collect$$$$00000004                 0x08000188   Section        4  entry5.o(.ARM.Collect$$$$00000004)
    .ARM.Collect$$$$00000008                 0x0800018c   Section        0  entry7b.o(.ARM.Collect$$$$00000008)
    .ARM.Collect$$$$0000000A                 0x0800018c   Section        0  entry8b.o(.ARM.Collect$$$$0000000A)
    .ARM.Collect$$$$0000000B                 0x0800018c   Section        8  entry9a.o(.ARM.Collect$$$$0000000B)
    .ARM.Collect$$$$0000000D                 0x08000194   Section        0  entry10a.o(.ARM.Collect$$$$0000000D)
    .ARM.Collect$$$$0000000F                 0x08000194   Section        0  entry11a.o(.ARM.Collect$$$$0000000F)
    .ARM.Collect$$$$00002712                 0x08000194   Section        4  entry2.o(.ARM.Collect$$$$00002712)
    __lit__00000000                          0x08000194   Data           4  entry2.o(.ARM.Collect$$$$00002712)
    .emb_text                                0x08000198   Section      162  port.o(.emb_text)
    .text                                    0x0800023c   Section       36  startup_stm32f205xx.o(.text)
    .text                                    0x08000260   Section        0  memcpya.o(.text)
    .text                                    0x08000284   Section        0  memseta.o(.text)
    .text                                    0x080002a8   Section       36  init.o(.text)
    i.BusFault_Handler                       0x080002cc   Section        0  stm32f2xx_it.o(i.BusFault_Handler)
    i.DebugMon_Handler                       0x080002ce   Section        0  stm32f2xx_it.o(i.DebugMon_Handler)
    i.HAL_Delay                              0x080002d0   Section        0  stm32f2xx_hal.o(i.HAL_Delay)
    i.HAL_GPIO_Init                          0x080002e8   Section        0  stm32f2xx_hal_gpio.o(i.HAL_GPIO_Init)
    i.HAL_GPIO_TogglePin                     0x080004a8   Section        0  stm32f2xx_hal_gpio.o(i.HAL_GPIO_TogglePin)
    i.HAL_GPIO_WritePin                      0x080004b0   Section        0  stm32f2xx_hal_gpio.o(i.HAL_GPIO_WritePin)
    i.HAL_GetTick                            0x080004bc   Section        0  stm32f2xx_hal.o(i.HAL_GetTick)
    i.HAL_I2C_Init                           0x080004c8   Section        0  stm32f2xx_hal_i2c.o(i.HAL_I2C_Init)
    i.HAL_I2C_MspInit                        0x080005d0   Section        0  stm32f2xx_hal_msp.o(i.HAL_I2C_MspInit)
    i.HAL_IncTick                            0x0800061c   Section        0  stm32f2xx_hal.o(i.HAL_IncTick)
    i.HAL_Init                               0x0800062c   Section        0  stm32f2xx_hal.o(i.HAL_Init)
    i.HAL_InitTick                           0x08000660   Section        0  stm32f2xx_hal_timebase_tim.o(i.HAL_InitTick)
    i.HAL_MspInit                            0x080006d4   Section        0  stm32f2xx_hal_msp.o(i.HAL_MspInit)
    i.HAL_NVIC_EnableIRQ                     0x0800072c   Section        0  stm32f2xx_hal_cortex.o(i.HAL_NVIC_EnableIRQ)
    i.HAL_NVIC_SetPriority                   0x08000744   Section        0  stm32f2xx_hal_cortex.o(i.HAL_NVIC_SetPriority)
    i.HAL_NVIC_SetPriorityGrouping           0x08000784   Section        0  stm32f2xx_hal_cortex.o(i.HAL_NVIC_SetPriorityGrouping)
    i.HAL_PCD_ConnectCallback                0x080007a8   Section        0  stm32f2xx_hal_pcd.o(i.HAL_PCD_ConnectCallback)
    i.HAL_PCD_DataInStageCallback            0x080007aa   Section        0  stm32f2xx_hal_pcd.o(i.HAL_PCD_DataInStageCallback)
    i.HAL_PCD_DataOutStageCallback           0x080007ac   Section        0  stm32f2xx_hal_pcd.o(i.HAL_PCD_DataOutStageCallback)
    i.HAL_PCD_DisconnectCallback             0x080007ae   Section        0  stm32f2xx_hal_pcd.o(i.HAL_PCD_DisconnectCallback)
    i.HAL_PCD_IRQHandler                     0x080007b0   Section        0  stm32f2xx_hal_pcd.o(i.HAL_PCD_IRQHandler)
    i.HAL_PCD_ISOINIncompleteCallback        0x08000c8c   Section        0  stm32f2xx_hal_pcd.o(i.HAL_PCD_ISOINIncompleteCallback)
    i.HAL_PCD_ISOOUTIncompleteCallback       0x08000c8e   Section        0  stm32f2xx_hal_pcd.o(i.HAL_PCD_ISOOUTIncompleteCallback)
    i.HAL_PCD_Init                           0x08000c90   Section        0  stm32f2xx_hal_pcd.o(i.HAL_PCD_Init)
    i.HAL_PCD_MspInit                        0x08000d50   Section        0  stm32f2xx_hal_msp.o(i.HAL_PCD_MspInit)
    i.HAL_PCD_ResetCallback                  0x08000dac   Section        0  stm32f2xx_hal_pcd.o(i.HAL_PCD_ResetCallback)
    i.HAL_PCD_ResumeCallback                 0x08000dae   Section        0  stm32f2xx_hal_pcd.o(i.HAL_PCD_ResumeCallback)
    i.HAL_PCD_SOFCallback                    0x08000db0   Section        0  stm32f2xx_hal_pcd.o(i.HAL_PCD_SOFCallback)
    i.HAL_PCD_SetupStageCallback             0x08000db2   Section        0  stm32f2xx_hal_pcd.o(i.HAL_PCD_SetupStageCallback)
    i.HAL_PCD_SuspendCallback                0x08000db4   Section        0  stm32f2xx_hal_pcd.o(i.HAL_PCD_SuspendCallback)
    i.HAL_RCC_ClockConfig                    0x08000db8   Section        0  stm32f2xx_hal_rcc.o(i.HAL_RCC_ClockConfig)
    i.HAL_RCC_GetClockConfig                 0x08000f10   Section        0  stm32f2xx_hal_rcc.o(i.HAL_RCC_GetClockConfig)
    i.HAL_RCC_GetHCLKFreq                    0x08000f50   Section        0  stm32f2xx_hal_rcc.o(i.HAL_RCC_GetHCLKFreq)
    i.HAL_RCC_GetPCLK1Freq                   0x08000f5c   Section        0  stm32f2xx_hal_rcc.o(i.HAL_RCC_GetPCLK1Freq)
    i.HAL_RCC_GetPCLK2Freq                   0x08000f8c   Section        0  stm32f2xx_hal_rcc.o(i.HAL_RCC_GetPCLK2Freq)
    i.HAL_RCC_GetSysClockFreq                0x08000fbc   Section        0  stm32f2xx_hal_rcc.o(i.HAL_RCC_GetSysClockFreq)
    i.HAL_RCC_OscConfig                      0x08001030   Section        0  stm32f2xx_hal_rcc.o(i.HAL_RCC_OscConfig)
    i.HAL_SPI_Init                           0x08001314   Section        0  stm32f2xx_hal_spi.o(i.HAL_SPI_Init)
    i.HAL_SPI_MspInit                        0x08001394   Section        0  stm32f2xx_hal_msp.o(i.HAL_SPI_MspInit)
    i.HAL_SYSTICK_CLKSourceConfig            0x08001428   Section        0  stm32f2xx_hal_cortex.o(i.HAL_SYSTICK_CLKSourceConfig)
    i.HAL_SYSTICK_Config                     0x08001440   Section        0  stm32f2xx_hal_cortex.o(i.HAL_SYSTICK_Config)
    i.HAL_TIMEx_BreakCallback                0x08001468   Section        0  stm32f2xx_hal_tim_ex.o(i.HAL_TIMEx_BreakCallback)
    i.HAL_TIMEx_CommutationCallback          0x0800146a   Section        0  stm32f2xx_hal_tim_ex.o(i.HAL_TIMEx_CommutationCallback)
    i.HAL_TIMEx_MasterConfigSynchronization  0x0800146c   Section        0  stm32f2xx_hal_tim_ex.o(i.HAL_TIMEx_MasterConfigSynchronization)
    i.HAL_TIM_Base_Init                      0x080014bc   Section        0  stm32f2xx_hal_tim.o(i.HAL_TIM_Base_Init)
    i.HAL_TIM_Base_MspInit                   0x080014f4   Section        0  stm32f2xx_hal_msp.o(i.HAL_TIM_Base_MspInit)
    i.HAL_TIM_Base_Start_IT                  0x0800151c   Section        0  stm32f2xx_hal_tim.o(i.HAL_TIM_Base_Start_IT)
    i.HAL_TIM_ConfigClockSource              0x08001534   Section        0  stm32f2xx_hal_tim.o(i.HAL_TIM_ConfigClockSource)
    i.HAL_TIM_IC_CaptureCallback             0x08001626   Section        0  stm32f2xx_hal_tim.o(i.HAL_TIM_IC_CaptureCallback)
    i.HAL_TIM_IRQHandler                     0x08001628   Section        0  stm32f2xx_hal_tim.o(i.HAL_TIM_IRQHandler)
    i.HAL_TIM_OC_DelayElapsedCallback        0x0800178e   Section        0  stm32f2xx_hal_tim.o(i.HAL_TIM_OC_DelayElapsedCallback)
    i.HAL_TIM_PWM_PulseFinishedCallback      0x08001790   Section        0  stm32f2xx_hal_tim.o(i.HAL_TIM_PWM_PulseFinishedCallback)
    i.HAL_TIM_PeriodElapsedCallback          0x08001794   Section        0  main.o(i.HAL_TIM_PeriodElapsedCallback)
    i.HAL_TIM_TriggerCallback                0x080017a8   Section        0  stm32f2xx_hal_tim.o(i.HAL_TIM_TriggerCallback)
    i.HAL_UART_Init                          0x080017aa   Section        0  stm32f2xx_hal_uart.o(i.HAL_UART_Init)
    i.HAL_UART_MspInit                       0x0800180c   Section        0  stm32f2xx_hal_msp.o(i.HAL_UART_MspInit)
    i.HardFault_Handler                      0x08001898   Section        0  stm32f2xx_it.o(i.HardFault_Handler)
    i.LED_GPIO_Init                          0x0800189c   Section        0  bsp_led.o(i.LED_GPIO_Init)
    i.MX_GPIO_Init                           0x0800195c   Section        0  main.o(i.MX_GPIO_Init)
    MX_GPIO_Init                             0x0800195d   Thumb Code   140  main.o(i.MX_GPIO_Init)
    i.MX_SPI1_Init                           0x080019f4   Section        0  main.o(i.MX_SPI1_Init)
    MX_SPI1_Init                             0x080019f5   Thumb Code    54  main.o(i.MX_SPI1_Init)
    i.MX_SPI2_Init                           0x08001a34   Section        0  main.o(i.MX_SPI2_Init)
    MX_SPI2_Init                             0x08001a35   Thumb Code    54  main.o(i.MX_SPI2_Init)
    i.MX_TIM1_Init                           0x08001a74   Section        0  main.o(i.MX_TIM1_Init)
    MX_TIM1_Init                             0x08001a75   Thumb Code    70  main.o(i.MX_TIM1_Init)
    i.MX_USB_OTG_HS_PCD_Init                 0x08001ac4   Section        0  main.o(i.MX_USB_OTG_HS_PCD_Init)
    MX_USB_OTG_HS_PCD_Init                   0x08001ac5   Thumb Code    46  main.o(i.MX_USB_OTG_HS_PCD_Init)
    i.MemManage_Handler                      0x08001afc   Section        0  stm32f2xx_it.o(i.MemManage_Handler)
    i.NMI_Handler                            0x08001afe   Section        0  stm32f2xx_it.o(i.NMI_Handler)
    i.NVIC_SetPriority                       0x08001b00   Section        0  stm32f2xx_hal_cortex.o(i.NVIC_SetPriority)
    NVIC_SetPriority                         0x08001b01   Thumb Code    32  stm32f2xx_hal_cortex.o(i.NVIC_SetPriority)
    i.OTG_HS_IRQHandler                      0x08001b20   Section        0  stm32f2xx_it.o(i.OTG_HS_IRQHandler)
    i.PCD_WriteEmptyTxFifo                   0x08001b2c   Section        0  stm32f2xx_hal_pcd.o(i.PCD_WriteEmptyTxFifo)
    PCD_WriteEmptyTxFifo                     0x08001b2d   Thumb Code   136  stm32f2xx_hal_pcd.o(i.PCD_WriteEmptyTxFifo)
    i.SysTick_Handler                        0x08001bb4   Section        0  stm32f2xx_it.o(i.SysTick_Handler)
    i.SystemClock_Config                     0x08001bb8   Section        0  main.o(i.SystemClock_Config)
    i.SystemInit                             0x08001c28   Section        0  system_stm32f2xx.o(i.SystemInit)
    i.TIM6_DAC_IRQHandler                    0x08001c70   Section        0  stm32f2xx_it.o(i.TIM6_DAC_IRQHandler)
    i.TIM_Base_SetConfig                     0x08001c7c   Section        0  stm32f2xx_hal_tim.o(i.TIM_Base_SetConfig)
    i.TIM_ETR_SetConfig                      0x08001d3c   Section        0  stm32f2xx_hal_tim.o(i.TIM_ETR_SetConfig)
    TIM_ETR_SetConfig                        0x08001d3d   Thumb Code    20  stm32f2xx_hal_tim.o(i.TIM_ETR_SetConfig)
    i.TIM_ITRx_SetConfig                     0x08001d50   Section        0  stm32f2xx_hal_tim.o(i.TIM_ITRx_SetConfig)
    TIM_ITRx_SetConfig                       0x08001d51   Thumb Code    16  stm32f2xx_hal_tim.o(i.TIM_ITRx_SetConfig)
    i.TIM_TI1_ConfigInputStage               0x08001d60   Section        0  stm32f2xx_hal_tim.o(i.TIM_TI1_ConfigInputStage)
    TIM_TI1_ConfigInputStage                 0x08001d61   Thumb Code    34  stm32f2xx_hal_tim.o(i.TIM_TI1_ConfigInputStage)
    i.TIM_TI2_ConfigInputStage               0x08001d82   Section        0  stm32f2xx_hal_tim.o(i.TIM_TI2_ConfigInputStage)
    TIM_TI2_ConfigInputStage                 0x08001d83   Thumb Code    36  stm32f2xx_hal_tim.o(i.TIM_TI2_ConfigInputStage)
    i.UART_SetConfig                         0x08001da8   Section        0  stm32f2xx_hal_uart.o(i.UART_SetConfig)
    UART_SetConfig                           0x08001da9   Thumb Code   676  stm32f2xx_hal_uart.o(i.UART_SetConfig)
    i.USB_ActivateSetup                      0x08002054   Section        0  stm32f2xx_ll_usb.o(i.USB_ActivateSetup)
    i.USB_CoreInit                           0x08002088   Section        0  stm32f2xx_ll_usb.o(i.USB_CoreInit)
    i.USB_CoreReset                          0x080020ec   Section        0  stm32f2xx_ll_usb.o(i.USB_CoreReset)
    USB_CoreReset                            0x080020ed   Thumb Code    50  stm32f2xx_ll_usb.o(i.USB_CoreReset)
    i.USB_DevDisconnect                      0x08002124   Section        0  stm32f2xx_ll_usb.o(i.USB_DevDisconnect)
    i.USB_DevInit                            0x0800213c   Section        0  stm32f2xx_ll_usb.o(i.USB_DevInit)
    i.USB_DisableGlobalInt                   0x08002280   Section        0  stm32f2xx_ll_usb.o(i.USB_DisableGlobalInt)
    i.USB_EP0_OutStart                       0x0800228c   Section        0  stm32f2xx_ll_usb.o(i.USB_EP0_OutStart)
    i.USB_FlushRxFifo                        0x080022cc   Section        0  stm32f2xx_ll_usb.o(i.USB_FlushRxFifo)
    i.USB_FlushTxFifo                        0x080022ec   Section        0  stm32f2xx_ll_usb.o(i.USB_FlushTxFifo)
    i.USB_GetDevSpeed                        0x08002310   Section        0  stm32f2xx_ll_usb.o(i.USB_GetDevSpeed)
    i.USB_GetMode                            0x0800234c   Section        0  stm32f2xx_ll_usb.o(i.USB_GetMode)
    i.USB_ReadDevAllInEpInterrupt            0x08002354   Section        0  stm32f2xx_ll_usb.o(i.USB_ReadDevAllInEpInterrupt)
    i.USB_ReadDevAllOutEpInterrupt           0x08002362   Section        0  stm32f2xx_ll_usb.o(i.USB_ReadDevAllOutEpInterrupt)
    i.USB_ReadDevInEPInterrupt               0x08002370   Section        0  stm32f2xx_ll_usb.o(i.USB_ReadDevInEPInterrupt)
    i.USB_ReadDevOutEPInterrupt              0x0800238e   Section        0  stm32f2xx_ll_usb.o(i.USB_ReadDevOutEPInterrupt)
    i.USB_ReadInterrupts                     0x0800239e   Section        0  stm32f2xx_ll_usb.o(i.USB_ReadInterrupts)
    i.USB_ReadPacket                         0x080023a6   Section        0  stm32f2xx_ll_usb.o(i.USB_ReadPacket)
    i.USB_SetCurrentMode                     0x080023c6   Section        0  stm32f2xx_ll_usb.o(i.USB_SetCurrentMode)
    i.USB_WritePacket                        0x080023f4   Section        0  stm32f2xx_ll_usb.o(i.USB_WritePacket)
    i.UsageFault_Handler                     0x0800241c   Section        0  stm32f2xx_it.o(i.UsageFault_Handler)
    i.__scatterload_copy                     0x0800241e   Section       14  handlers.o(i.__scatterload_copy)
    i.__scatterload_null                     0x0800242c   Section        2  handlers.o(i.__scatterload_null)
    i.__scatterload_zeroinit                 0x0800242e   Section       14  handlers.o(i.__scatterload_zeroinit)
    i.main                                   0x0800243c   Section        0  main.o(i.main)
    i.osSystickHandler                       0x08002510   Section        0  cmsis_os.o(i.osSystickHandler)
    i.prvAddCurrentTaskToDelayedList         0x08002524   Section        0  tasks.o(i.prvAddCurrentTaskToDelayedList)
    prvAddCurrentTaskToDelayedList           0x08002525   Thumb Code    48  tasks.o(i.prvAddCurrentTaskToDelayedList)
    i.prvCheckTasksWaitingTermination        0x08002558   Section        0  tasks.o(i.prvCheckTasksWaitingTermination)
    prvCheckTasksWaitingTermination          0x08002559   Thumb Code    76  tasks.o(i.prvCheckTasksWaitingTermination)
    i.prvHeapInit                            0x080025ac   Section        0  heap_4.o(i.prvHeapInit)
    prvHeapInit                              0x080025ad   Thumb Code    66  heap_4.o(i.prvHeapInit)
    i.prvIdleTask                            0x080025f8   Section        0  tasks.o(i.prvIdleTask)
    prvIdleTask                              0x080025f9   Thumb Code    20  tasks.o(i.prvIdleTask)
    i.prvInsertBlockIntoFreeList             0x08002610   Section        0  heap_4.o(i.prvInsertBlockIntoFreeList)
    prvInsertBlockIntoFreeList               0x08002611   Thumb Code    72  heap_4.o(i.prvInsertBlockIntoFreeList)
    i.prvResetNextTaskUnblockTime            0x0800265c   Section        0  tasks.o(i.prvResetNextTaskUnblockTime)
    prvResetNextTaskUnblockTime              0x0800265d   Thumb Code    26  tasks.o(i.prvResetNextTaskUnblockTime)
    i.prvTaskExitError                       0x0800267c   Section        0  port.o(i.prvTaskExitError)
    prvTaskExitError                         0x0800267d   Thumb Code    20  port.o(i.prvTaskExitError)
    i.pvPortMalloc                           0x08002694   Section        0  heap_4.o(i.pvPortMalloc)
    i.pxPortInitialiseStack                  0x08002750   Section        0  port.o(i.pxPortInitialiseStack)
    i.uxListRemove                           0x08002770   Section        0  list.o(i.uxListRemove)
    i.vListInitialise                        0x08002794   Section        0  list.o(i.vListInitialise)
    i.vListInitialiseItem                    0x080027aa   Section        0  list.o(i.vListInitialiseItem)
    i.vListInsert                            0x080027b0   Section        0  list.o(i.vListInsert)
    i.vListInsertEnd                         0x080027e0   Section        0  list.o(i.vListInsertEnd)
    i.vPortEnterCritical                     0x080027f8   Section        0  port.o(i.vPortEnterCritical)
    i.vPortExitCritical                      0x08002830   Section        0  port.o(i.vPortExitCritical)
    i.vPortFree                              0x08002854   Section        0  heap_4.o(i.vPortFree)
    i.vPortSetupTimerInterrupt               0x0800289c   Section        0  port.o(i.vPortSetupTimerInterrupt)
    i.vPortYield                             0x080028bc   Section        0  port.o(i.vPortYield)
    i.vTaskDelay                             0x080028d4   Section        0  tasks.o(i.vTaskDelay)
    i.vTaskLED                               0x08002924   Section        0  app_led.o(i.vTaskLED)
    i.vTaskStartScheduler                    0x0800296c   Section        0  tasks.o(i.vTaskStartScheduler)
    i.vTaskSuspendAll                        0x080029c0   Section        0  tasks.o(i.vTaskSuspendAll)
    i.vTaskSwitchContext                     0x080029d0   Section        0  tasks.o(i.vTaskSwitchContext)
    i.xPortStartScheduler                    0x08002a24   Section        0  port.o(i.xPortStartScheduler)
    i.xPortSysTickHandler                    0x08002a98   Section        0  port.o(i.xPortSysTickHandler)
    i.xTaskGenericCreate                     0x08002abc   Section        0  tasks.o(i.xTaskGenericCreate)
    i.xTaskGetSchedulerState                 0x08002c48   Section        0  tasks.o(i.xTaskGetSchedulerState)
    i.xTaskIncrementTick                     0x08002c64   Section        0  tasks.o(i.xTaskIncrementTick)
    i.xTaskResumeAll                         0x08002d24   Section        0  tasks.o(i.xTaskResumeAll)
    .constdata                               0x08002dd0   Section       16  stm32f2xx_hal_rcc.o(.constdata)
    .data                                    0x20000000   Section        4  stm32f2xx_hal.o(.data)
    .data                                    0x20000004   Section        4  system_stm32f2xx.o(.data)
    .data                                    0x20000008   Section        4  main.o(.data)
    xHandleTaskLED                           0x20000008   Data           4  main.o(.data)
    .data                                    0x2000000c   Section        4  app_led.o(.data)
    .data                                    0x20000010   Section       24  heap_4.o(.data)
    pxEnd                                    0x20000010   Data           4  heap_4.o(.data)
    xFreeBytesRemaining                      0x20000014   Data           4  heap_4.o(.data)
    xMinimumEverFreeBytesRemaining           0x20000018   Data           4  heap_4.o(.data)
    xBlockAllocatedBit                       0x2000001c   Data           4  heap_4.o(.data)
    xStart                                   0x20000020   Data           8  heap_4.o(.data)
    .data                                    0x20000028   Section       56  tasks.o(.data)
    uxTasksDeleted                           0x2000002c   Data           4  tasks.o(.data)
    uxCurrentNumberOfTasks                   0x20000030   Data           4  tasks.o(.data)
    xTickCount                               0x20000034   Data           4  tasks.o(.data)
    uxTopReadyPriority                       0x20000038   Data           4  tasks.o(.data)
    xSchedulerRunning                        0x2000003c   Data           4  tasks.o(.data)
    uxPendedTicks                            0x20000040   Data           4  tasks.o(.data)
    xYieldPending                            0x20000044   Data           4  tasks.o(.data)
    xNumOfOverflows                          0x20000048   Data           4  tasks.o(.data)
    uxTaskNumber                             0x2000004c   Data           4  tasks.o(.data)
    xNextTaskUnblockTime                     0x20000050   Data           4  tasks.o(.data)
    uxSchedulerSuspended                     0x20000054   Data           4  tasks.o(.data)
    pxDelayedTaskList                        0x20000058   Data           4  tasks.o(.data)
    pxOverflowDelayedTaskList                0x2000005c   Data           4  tasks.o(.data)
    .data                                    0x20000060   Section       12  port.o(.data)
    ucMaxSysCallPriority                     0x20000060   Data           1  port.o(.data)
    uxCriticalNesting                        0x20000064   Data           4  port.o(.data)
    ulMaxPRIGROUPValue                       0x20000068   Data           4  port.o(.data)
    .bss                                     0x2000006c   Section     1392  main.o(.bss)
    .bss                                     0x200005dc   Section       60  stm32f2xx_hal_timebase_tim.o(.bss)
    .bss                                     0x20000618   Section    15360  heap_4.o(.bss)
    ucHeap                                   0x20000618   Data       15360  heap_4.o(.bss)
    .bss                                     0x20004218   Section      240  tasks.o(.bss)
    pxReadyTasksLists                        0x20004218   Data         140  tasks.o(.bss)
    xDelayedTaskList1                        0x200042a4   Data          20  tasks.o(.bss)
    xDelayedTaskList2                        0x200042b8   Data          20  tasks.o(.bss)
    xPendingReadyList                        0x200042cc   Data          20  tasks.o(.bss)
    xTasksWaitingTermination                 0x200042e0   Data          20  tasks.o(.bss)
    xSuspendedTaskList                       0x200042f4   Data          20  tasks.o(.bss)
    STACK                                    0x20004308   Section     1024  startup_stm32f205xx.o(STACK)

    Global Symbols

    Symbol Name                              Value     Ov Type        Size  Object(Section)

    BuildAttributes$$THM_ISAv4$P$D$K$B$S$PE$A:L22UL41UL21$X:L11$S22US41US21$IEEE1$IW$USESV6$~STKCKD$USESV7$~SHL$OSPACE$EBA8$MICROLIB$REQ8$PRES8$EABIv2 0x00000000   Number         0  anon$$obj.o ABSOLUTE
    __ARM_use_no_argv                        0x00000000   Number         0  main.o ABSOLUTE
    __cpp_initialize__aeabi_                  - Undefined Weak Reference
    __cxa_finalize                            - Undefined Weak Reference
    __decompress                              - Undefined Weak Reference
    _clock_init                               - Undefined Weak Reference
    _microlib_exit                            - Undefined Weak Reference
    __Vectors_Size                           0x00000184   Number         0  startup_stm32f205xx.o ABSOLUTE
    __Vectors                                0x08000000   Data           4  startup_stm32f205xx.o(RESET)
    __Vectors_End                            0x08000184   Data           0  startup_stm32f205xx.o(RESET)
    __main                                   0x08000185   Thumb Code     0  entry.o(.ARM.Collect$$$$00000000)
    _main_stk                                0x08000185   Thumb Code     0  entry2.o(.ARM.Collect$$$$00000001)
    _main_scatterload                        0x08000189   Thumb Code     0  entry5.o(.ARM.Collect$$$$00000004)
    __main_after_scatterload                 0x0800018d   Thumb Code     0  entry5.o(.ARM.Collect$$$$00000004)
    _main_clock                              0x0800018d   Thumb Code     0  entry7b.o(.ARM.Collect$$$$00000008)
    _main_cpp_init                           0x0800018d   Thumb Code     0  entry8b.o(.ARM.Collect$$$$0000000A)
    _main_init                               0x0800018d   Thumb Code     0  entry9a.o(.ARM.Collect$$$$0000000B)
    __rt_final_cpp                           0x08000195   Thumb Code     0  entry10a.o(.ARM.Collect$$$$0000000D)
    __rt_final_exit                          0x08000195   Thumb Code     0  entry11a.o(.ARM.Collect$$$$0000000F)
    SVC_Handler                              0x08000199   Thumb Code    32  port.o(.emb_text)
    __asm___6_port_c_39a90d8d__prvStartFirstTask 0x080001bd   Thumb Code    28  port.o(.emb_text)
    PendSV_Handler                           0x080001dd   Thumb Code    64  port.o(.emb_text)
    ulPortSetInterruptMask                   0x08000221   Thumb Code    14  port.o(.emb_text)
    vPortClearInterruptMask                  0x0800022f   Thumb Code     6  port.o(.emb_text)
    vPortGetIPSR                             0x08000235   Thumb Code     6  port.o(.emb_text)
    Reset_Handler                            0x0800023d   Thumb Code     8  startup_stm32f205xx.o(.text)
    ADC_IRQHandler                           0x08000257   Thumb Code     0  startup_stm32f205xx.o(.text)
    CAN1_RX0_IRQHandler                      0x08000257   Thumb Code     0  startup_stm32f205xx.o(.text)
    CAN1_RX1_IRQHandler                      0x08000257   Thumb Code     0  startup_stm32f205xx.o(.text)
    CAN1_SCE_IRQHandler                      0x08000257   Thumb Code     0  startup_stm32f205xx.o(.text)
    CAN1_TX_IRQHandler                       0x08000257   Thumb Code     0  startup_stm32f205xx.o(.text)
    CAN2_RX0_IRQHandler                      0x08000257   Thumb Code     0  startup_stm32f205xx.o(.text)
    CAN2_RX1_IRQHandler                      0x08000257   Thumb Code     0  startup_stm32f205xx.o(.text)
    CAN2_SCE_IRQHandler                      0x08000257   Thumb Code     0  startup_stm32f205xx.o(.text)
    CAN2_TX_IRQHandler                       0x08000257   Thumb Code     0  startup_stm32f205xx.o(.text)
    DMA1_Stream0_IRQHandler                  0x08000257   Thumb Code     0  startup_stm32f205xx.o(.text)
    DMA1_Stream1_IRQHandler                  0x08000257   Thumb Code     0  startup_stm32f205xx.o(.text)
    DMA1_Stream2_IRQHandler                  0x08000257   Thumb Code     0  startup_stm32f205xx.o(.text)
    DMA1_Stream3_IRQHandler                  0x08000257   Thumb Code     0  startup_stm32f205xx.o(.text)
    DMA1_Stream4_IRQHandler                  0x08000257   Thumb Code     0  startup_stm32f205xx.o(.text)
    DMA1_Stream5_IRQHandler                  0x08000257   Thumb Code     0  startup_stm32f205xx.o(.text)
    DMA1_Stream6_IRQHandler                  0x08000257   Thumb Code     0  startup_stm32f205xx.o(.text)
    DMA1_Stream7_IRQHandler                  0x08000257   Thumb Code     0  startup_stm32f205xx.o(.text)
    DMA2_Stream0_IRQHandler                  0x08000257   Thumb Code     0  startup_stm32f205xx.o(.text)
    DMA2_Stream1_IRQHandler                  0x08000257   Thumb Code     0  startup_stm32f205xx.o(.text)
    DMA2_Stream2_IRQHandler                  0x08000257   Thumb Code     0  startup_stm32f205xx.o(.text)
    DMA2_Stream3_IRQHandler                  0x08000257   Thumb Code     0  startup_stm32f205xx.o(.text)
    DMA2_Stream4_IRQHandler                  0x08000257   Thumb Code     0  startup_stm32f205xx.o(.text)
    DMA2_Stream5_IRQHandler                  0x08000257   Thumb Code     0  startup_stm32f205xx.o(.text)
    DMA2_Stream6_IRQHandler                  0x08000257   Thumb Code     0  startup_stm32f205xx.o(.text)
    DMA2_Stream7_IRQHandler                  0x08000257   Thumb Code     0  startup_stm32f205xx.o(.text)
    EXTI0_IRQHandler                         0x08000257   Thumb Code     0  startup_stm32f205xx.o(.text)
    EXTI15_10_IRQHandler                     0x08000257   Thumb Code     0  startup_stm32f205xx.o(.text)
    EXTI1_IRQHandler                         0x08000257   Thumb Code     0  startup_stm32f205xx.o(.text)
    EXTI2_IRQHandler                         0x08000257   Thumb Code     0  startup_stm32f205xx.o(.text)
    EXTI3_IRQHandler                         0x08000257   Thumb Code     0  startup_stm32f205xx.o(.text)
    EXTI4_IRQHandler                         0x08000257   Thumb Code     0  startup_stm32f205xx.o(.text)
    EXTI9_5_IRQHandler                       0x08000257   Thumb Code     0  startup_stm32f205xx.o(.text)
    FLASH_IRQHandler                         0x08000257   Thumb Code     0  startup_stm32f205xx.o(.text)
    FSMC_IRQHandler                          0x08000257   Thumb Code     0  startup_stm32f205xx.o(.text)
    HASH_RNG_IRQHandler                      0x08000257   Thumb Code     0  startup_stm32f205xx.o(.text)
    I2C1_ER_IRQHandler                       0x08000257   Thumb Code     0  startup_stm32f205xx.o(.text)
    I2C1_EV_IRQHandler                       0x08000257   Thumb Code     0  startup_stm32f205xx.o(.text)
    I2C2_ER_IRQHandler                       0x08000257   Thumb Code     0  startup_stm32f205xx.o(.text)
    I2C2_EV_IRQHandler                       0x08000257   Thumb Code     0  startup_stm32f205xx.o(.text)
    I2C3_ER_IRQHandler                       0x08000257   Thumb Code     0  startup_stm32f205xx.o(.text)
    I2C3_EV_IRQHandler                       0x08000257   Thumb Code     0  startup_stm32f205xx.o(.text)
    OTG_FS_IRQHandler                        0x08000257   Thumb Code     0  startup_stm32f205xx.o(.text)
    OTG_FS_WKUP_IRQHandler                   0x08000257   Thumb Code     0  startup_stm32f205xx.o(.text)
    OTG_HS_EP1_IN_IRQHandler                 0x08000257   Thumb Code     0  startup_stm32f205xx.o(.text)
    OTG_HS_EP1_OUT_IRQHandler                0x08000257   Thumb Code     0  startup_stm32f205xx.o(.text)
    OTG_HS_WKUP_IRQHandler                   0x08000257   Thumb Code     0  startup_stm32f205xx.o(.text)
    PVD_IRQHandler                           0x08000257   Thumb Code     0  startup_stm32f205xx.o(.text)
    RCC_IRQHandler                           0x08000257   Thumb Code     0  startup_stm32f205xx.o(.text)
    RTC_Alarm_IRQHandler                     0x08000257   Thumb Code     0  startup_stm32f205xx.o(.text)
    RTC_WKUP_IRQHandler                      0x08000257   Thumb Code     0  startup_stm32f205xx.o(.text)
    SDIO_IRQHandler                          0x08000257   Thumb Code     0  startup_stm32f205xx.o(.text)
    SPI1_IRQHandler                          0x08000257   Thumb Code     0  startup_stm32f205xx.o(.text)
    SPI2_IRQHandler                          0x08000257   Thumb Code     0  startup_stm32f205xx.o(.text)
    SPI3_IRQHandler                          0x08000257   Thumb Code     0  startup_stm32f205xx.o(.text)
    TAMP_STAMP_IRQHandler                    0x08000257   Thumb Code     0  startup_stm32f205xx.o(.text)
    TIM1_BRK_TIM9_IRQHandler                 0x08000257   Thumb Code     0  startup_stm32f205xx.o(.text)
    TIM1_CC_IRQHandler                       0x08000257   Thumb Code     0  startup_stm32f205xx.o(.text)
    TIM1_TRG_COM_TIM11_IRQHandler            0x08000257   Thumb Code     0  startup_stm32f205xx.o(.text)
    TIM1_UP_TIM10_IRQHandler                 0x08000257   Thumb Code     0  startup_stm32f205xx.o(.text)
    TIM2_IRQHandler                          0x08000257   Thumb Code     0  startup_stm32f205xx.o(.text)
    TIM3_IRQHandler                          0x08000257   Thumb Code     0  startup_stm32f205xx.o(.text)
    TIM4_IRQHandler                          0x08000257   Thumb Code     0  startup_stm32f205xx.o(.text)
    TIM5_IRQHandler                          0x08000257   Thumb Code     0  startup_stm32f205xx.o(.text)
    TIM7_IRQHandler                          0x08000257   Thumb Code     0  startup_stm32f205xx.o(.text)
    TIM8_BRK_TIM12_IRQHandler                0x08000257   Thumb Code     0  startup_stm32f205xx.o(.text)
    TIM8_CC_IRQHandler                       0x08000257   Thumb Code     0  startup_stm32f205xx.o(.text)
    TIM8_TRG_COM_TIM14_IRQHandler            0x08000257   Thumb Code     0  startup_stm32f205xx.o(.text)
    TIM8_UP_TIM13_IRQHandler                 0x08000257   Thumb Code     0  startup_stm32f205xx.o(.text)
    UART4_IRQHandler                         0x08000257   Thumb Code     0  startup_stm32f205xx.o(.text)
    UART5_IRQHandler                         0x08000257   Thumb Code     0  startup_stm32f205xx.o(.text)
    USART1_IRQHandler                        0x08000257   Thumb Code     0  startup_stm32f205xx.o(.text)
    USART2_IRQHandler                        0x08000257   Thumb Code     0  startup_stm32f205xx.o(.text)
    USART3_IRQHandler                        0x08000257   Thumb Code     0  startup_stm32f205xx.o(.text)
    USART6_IRQHandler                        0x08000257   Thumb Code     0  startup_stm32f205xx.o(.text)
    WWDG_IRQHandler                          0x08000257   Thumb Code     0  startup_stm32f205xx.o(.text)
    __aeabi_memcpy                           0x08000261   Thumb Code    36  memcpya.o(.text)
    __aeabi_memcpy4                          0x08000261   Thumb Code     0  memcpya.o(.text)
    __aeabi_memcpy8                          0x08000261   Thumb Code     0  memcpya.o(.text)
    __aeabi_memset                           0x08000285   Thumb Code    14  memseta.o(.text)
    __aeabi_memset4                          0x08000285   Thumb Code     0  memseta.o(.text)
    __aeabi_memset8                          0x08000285   Thumb Code     0  memseta.o(.text)
    __aeabi_memclr                           0x08000293   Thumb Code     4  memseta.o(.text)
    __aeabi_memclr4                          0x08000293   Thumb Code     0  memseta.o(.text)
    __aeabi_memclr8                          0x08000293   Thumb Code     0  memseta.o(.text)
    _memset$wrapper                          0x08000297   Thumb Code    18  memseta.o(.text)
    __scatterload                            0x080002a9   Thumb Code    28  init.o(.text)
    __scatterload_rt2                        0x080002a9   Thumb Code     0  init.o(.text)
    BusFault_Handler                         0x080002cd   Thumb Code     2  stm32f2xx_it.o(i.BusFault_Handler)
    DebugMon_Handler                         0x080002cf   Thumb Code     2  stm32f2xx_it.o(i.DebugMon_Handler)
    HAL_Delay                                0x080002d1   Thumb Code    22  stm32f2xx_hal.o(i.HAL_Delay)
    HAL_GPIO_Init                            0x080002e9   Thumb Code   398  stm32f2xx_hal_gpio.o(i.HAL_GPIO_Init)
    HAL_GPIO_TogglePin                       0x080004a9   Thumb Code     8  stm32f2xx_hal_gpio.o(i.HAL_GPIO_TogglePin)
    HAL_GPIO_WritePin                        0x080004b1   Thumb Code    10  stm32f2xx_hal_gpio.o(i.HAL_GPIO_WritePin)
    HAL_GetTick                              0x080004bd   Thumb Code     6  stm32f2xx_hal.o(i.HAL_GetTick)
    HAL_I2C_Init                             0x080004c9   Thumb Code   254  stm32f2xx_hal_i2c.o(i.HAL_I2C_Init)
    HAL_I2C_MspInit                          0x080005d1   Thumb Code    62  stm32f2xx_hal_msp.o(i.HAL_I2C_MspInit)
    HAL_IncTick                              0x0800061d   Thumb Code    10  stm32f2xx_hal.o(i.HAL_IncTick)
    HAL_Init                                 0x0800062d   Thumb Code    48  stm32f2xx_hal.o(i.HAL_Init)
    HAL_InitTick                             0x08000661   Thumb Code   100  stm32f2xx_hal_timebase_tim.o(i.HAL_InitTick)
    HAL_MspInit                              0x080006d5   Thumb Code    88  stm32f2xx_hal_msp.o(i.HAL_MspInit)
    HAL_NVIC_EnableIRQ                       0x0800072d   Thumb Code    22  stm32f2xx_hal_cortex.o(i.HAL_NVIC_EnableIRQ)
    HAL_NVIC_SetPriority                     0x08000745   Thumb Code    60  stm32f2xx_hal_cortex.o(i.HAL_NVIC_SetPriority)
    HAL_NVIC_SetPriorityGrouping             0x08000785   Thumb Code    26  stm32f2xx_hal_cortex.o(i.HAL_NVIC_SetPriorityGrouping)
    HAL_PCD_ConnectCallback                  0x080007a9   Thumb Code     2  stm32f2xx_hal_pcd.o(i.HAL_PCD_ConnectCallback)
    HAL_PCD_DataInStageCallback              0x080007ab   Thumb Code     2  stm32f2xx_hal_pcd.o(i.HAL_PCD_DataInStageCallback)
    HAL_PCD_DataOutStageCallback             0x080007ad   Thumb Code     2  stm32f2xx_hal_pcd.o(i.HAL_PCD_DataOutStageCallback)
    HAL_PCD_DisconnectCallback               0x080007af   Thumb Code     2  stm32f2xx_hal_pcd.o(i.HAL_PCD_DisconnectCallback)
    HAL_PCD_IRQHandler                       0x080007b1   Thumb Code  1170  stm32f2xx_hal_pcd.o(i.HAL_PCD_IRQHandler)
    HAL_PCD_ISOINIncompleteCallback          0x08000c8d   Thumb Code     2  stm32f2xx_hal_pcd.o(i.HAL_PCD_ISOINIncompleteCallback)
    HAL_PCD_ISOOUTIncompleteCallback         0x08000c8f   Thumb Code     2  stm32f2xx_hal_pcd.o(i.HAL_PCD_ISOOUTIncompleteCallback)
    HAL_PCD_Init                             0x08000c91   Thumb Code   190  stm32f2xx_hal_pcd.o(i.HAL_PCD_Init)
    HAL_PCD_MspInit                          0x08000d51   Thumb Code    80  stm32f2xx_hal_msp.o(i.HAL_PCD_MspInit)
    HAL_PCD_ResetCallback                    0x08000dad   Thumb Code     2  stm32f2xx_hal_pcd.o(i.HAL_PCD_ResetCallback)
    HAL_PCD_ResumeCallback                   0x08000daf   Thumb Code     2  stm32f2xx_hal_pcd.o(i.HAL_PCD_ResumeCallback)
    HAL_PCD_SOFCallback                      0x08000db1   Thumb Code     2  stm32f2xx_hal_pcd.o(i.HAL_PCD_SOFCallback)
    HAL_PCD_SetupStageCallback               0x08000db3   Thumb Code     2  stm32f2xx_hal_pcd.o(i.HAL_PCD_SetupStageCallback)
    HAL_PCD_SuspendCallback                  0x08000db5   Thumb Code     2  stm32f2xx_hal_pcd.o(i.HAL_PCD_SuspendCallback)
    HAL_RCC_ClockConfig                      0x08000db9   Thumb Code   328  stm32f2xx_hal_rcc.o(i.HAL_RCC_ClockConfig)
    HAL_RCC_GetClockConfig                   0x08000f11   Thumb Code    54  stm32f2xx_hal_rcc.o(i.HAL_RCC_GetClockConfig)
    HAL_RCC_GetHCLKFreq                      0x08000f51   Thumb Code     6  stm32f2xx_hal_rcc.o(i.HAL_RCC_GetHCLKFreq)
    HAL_RCC_GetPCLK1Freq                     0x08000f5d   Thumb Code    34  stm32f2xx_hal_rcc.o(i.HAL_RCC_GetPCLK1Freq)
    HAL_RCC_GetPCLK2Freq                     0x08000f8d   Thumb Code    34  stm32f2xx_hal_rcc.o(i.HAL_RCC_GetPCLK2Freq)
    HAL_RCC_GetSysClockFreq                  0x08000fbd   Thumb Code   104  stm32f2xx_hal_rcc.o(i.HAL_RCC_GetSysClockFreq)
    HAL_RCC_OscConfig                        0x08001031   Thumb Code   722  stm32f2xx_hal_rcc.o(i.HAL_RCC_OscConfig)
    HAL_SPI_Init                             0x08001315   Thumb Code   128  stm32f2xx_hal_spi.o(i.HAL_SPI_Init)
    HAL_SPI_MspInit                          0x08001395   Thumb Code   122  stm32f2xx_hal_msp.o(i.HAL_SPI_MspInit)
    HAL_SYSTICK_CLKSourceConfig              0x08001429   Thumb Code    24  stm32f2xx_hal_cortex.o(i.HAL_SYSTICK_CLKSourceConfig)
    HAL_SYSTICK_Config                       0x08001441   Thumb Code    40  stm32f2xx_hal_cortex.o(i.HAL_SYSTICK_Config)
    HAL_TIMEx_BreakCallback                  0x08001469   Thumb Code     2  stm32f2xx_hal_tim_ex.o(i.HAL_TIMEx_BreakCallback)
    HAL_TIMEx_CommutationCallback            0x0800146b   Thumb Code     2  stm32f2xx_hal_tim_ex.o(i.HAL_TIMEx_CommutationCallback)
    HAL_TIMEx_MasterConfigSynchronization    0x0800146d   Thumb Code    80  stm32f2xx_hal_tim_ex.o(i.HAL_TIMEx_MasterConfigSynchronization)
    HAL_TIM_Base_Init                        0x080014bd   Thumb Code    54  stm32f2xx_hal_tim.o(i.HAL_TIM_Base_Init)
    HAL_TIM_Base_MspInit                     0x080014f5   Thumb Code    30  stm32f2xx_hal_msp.o(i.HAL_TIM_Base_MspInit)
    HAL_TIM_Base_Start_IT                    0x0800151d   Thumb Code    24  stm32f2xx_hal_tim.o(i.HAL_TIM_Base_Start_IT)
    HAL_TIM_ConfigClockSource                0x08001535   Thumb Code   242  stm32f2xx_hal_tim.o(i.HAL_TIM_ConfigClockSource)
    HAL_TIM_IC_CaptureCallback               0x08001627   Thumb Code     2  stm32f2xx_hal_tim.o(i.HAL_TIM_IC_CaptureCallback)
    HAL_TIM_IRQHandler                       0x08001629   Thumb Code   358  stm32f2xx_hal_tim.o(i.HAL_TIM_IRQHandler)
    HAL_TIM_OC_DelayElapsedCallback          0x0800178f   Thumb Code     2  stm32f2xx_hal_tim.o(i.HAL_TIM_OC_DelayElapsedCallback)
    HAL_TIM_PWM_PulseFinishedCallback        0x08001791   Thumb Code     2  stm32f2xx_hal_tim.o(i.HAL_TIM_PWM_PulseFinishedCallback)
    HAL_TIM_PeriodElapsedCallback            0x08001795   Thumb Code    14  main.o(i.HAL_TIM_PeriodElapsedCallback)
    HAL_TIM_TriggerCallback                  0x080017a9   Thumb Code     2  stm32f2xx_hal_tim.o(i.HAL_TIM_TriggerCallback)
    HAL_UART_Init                            0x080017ab   Thumb Code    98  stm32f2xx_hal_uart.o(i.HAL_UART_Init)
    HAL_UART_MspInit                         0x0800180d   Thumb Code   122  stm32f2xx_hal_msp.o(i.HAL_UART_MspInit)
    HardFault_Handler                        0x08001899   Thumb Code     2  stm32f2xx_it.o(i.HardFault_Handler)
    LED_GPIO_Init                            0x0800189d   Thumb Code   182  bsp_led.o(i.LED_GPIO_Init)
    MemManage_Handler                        0x08001afd   Thumb Code     2  stm32f2xx_it.o(i.MemManage_Handler)
    NMI_Handler                              0x08001aff   Thumb Code     2  stm32f2xx_it.o(i.NMI_Handler)
    OTG_HS_IRQHandler                        0x08001b21   Thumb Code     6  stm32f2xx_it.o(i.OTG_HS_IRQHandler)
    SysTick_Handler                          0x08001bb5   Thumb Code     4  stm32f2xx_it.o(i.SysTick_Handler)
    SystemClock_Config                       0x08001bb9   Thumb Code   112  main.o(i.SystemClock_Config)
    SystemInit                               0x08001c29   Thumb Code    54  system_stm32f2xx.o(i.SystemInit)
    TIM6_DAC_IRQHandler                      0x08001c71   Thumb Code     6  stm32f2xx_it.o(i.TIM6_DAC_IRQHandler)
    TIM_Base_SetConfig                       0x08001c7d   Thumb Code   148  stm32f2xx_hal_tim.o(i.TIM_Base_SetConfig)
    USB_ActivateSetup                        0x08002055   Thumb Code    52  stm32f2xx_ll_usb.o(i.USB_ActivateSetup)
    USB_CoreInit                             0x08002089   Thumb Code    96  stm32f2xx_ll_usb.o(i.USB_CoreInit)
    USB_DevDisconnect                        0x08002125   Thumb Code    24  stm32f2xx_ll_usb.o(i.USB_DevDisconnect)
    USB_DevInit                              0x0800213d   Thumb Code   306  stm32f2xx_ll_usb.o(i.USB_DevInit)
    USB_DisableGlobalInt                     0x08002281   Thumb Code    12  stm32f2xx_ll_usb.o(i.USB_DisableGlobalInt)
    USB_EP0_OutStart                         0x0800228d   Thumb Code    62  stm32f2xx_ll_usb.o(i.USB_EP0_OutStart)
    USB_FlushRxFifo                          0x080022cd   Thumb Code    28  stm32f2xx_ll_usb.o(i.USB_FlushRxFifo)
    USB_FlushTxFifo                          0x080022ed   Thumb Code    32  stm32f2xx_ll_usb.o(i.USB_FlushTxFifo)
    USB_GetDevSpeed                          0x08002311   Thumb Code    60  stm32f2xx_ll_usb.o(i.USB_GetDevSpeed)
    USB_GetMode                              0x0800234d   Thumb Code     8  stm32f2xx_ll_usb.o(i.USB_GetMode)
    USB_ReadDevAllInEpInterrupt              0x08002355   Thumb Code    14  stm32f2xx_ll_usb.o(i.USB_ReadDevAllInEpInterrupt)
    USB_ReadDevAllOutEpInterrupt             0x08002363   Thumb Code    14  stm32f2xx_ll_usb.o(i.USB_ReadDevAllOutEpInterrupt)
    USB_ReadDevInEPInterrupt                 0x08002371   Thumb Code    30  stm32f2xx_ll_usb.o(i.USB_ReadDevInEPInterrupt)
    USB_ReadDevOutEPInterrupt                0x0800238f   Thumb Code    16  stm32f2xx_ll_usb.o(i.USB_ReadDevOutEPInterrupt)
    USB_ReadInterrupts                       0x0800239f   Thumb Code     8  stm32f2xx_ll_usb.o(i.USB_ReadInterrupts)
    USB_ReadPacket                           0x080023a7   Thumb Code    32  stm32f2xx_ll_usb.o(i.USB_ReadPacket)
    USB_SetCurrentMode                       0x080023c7   Thumb Code    44  stm32f2xx_ll_usb.o(i.USB_SetCurrentMode)
    USB_WritePacket                          0x080023f5   Thumb Code    40  stm32f2xx_ll_usb.o(i.USB_WritePacket)
    UsageFault_Handler                       0x0800241d   Thumb Code     2  stm32f2xx_it.o(i.UsageFault_Handler)
    __scatterload_copy                       0x0800241f   Thumb Code    14  handlers.o(i.__scatterload_copy)
    __scatterload_null                       0x0800242d   Thumb Code     2  handlers.o(i.__scatterload_null)
    __scatterload_zeroinit                   0x0800242f   Thumb Code    14  handlers.o(i.__scatterload_zeroinit)
    main                                     0x0800243d   Thumb Code   168  main.o(i.main)
    osSystickHandler                         0x08002511   Thumb Code    20  cmsis_os.o(i.osSystickHandler)
    pvPortMalloc                             0x08002695   Thumb Code   182  heap_4.o(i.pvPortMalloc)
    pxPortInitialiseStack                    0x08002751   Thumb Code    28  port.o(i.pxPortInitialiseStack)
    uxListRemove                             0x08002771   Thumb Code    36  list.o(i.uxListRemove)
    vListInitialise                          0x08002795   Thumb Code    22  list.o(i.vListInitialise)
    vListInitialiseItem                      0x080027ab   Thumb Code     6  list.o(i.vListInitialiseItem)
    vListInsert                              0x080027b1   Thumb Code    48  list.o(i.vListInsert)
    vListInsertEnd                           0x080027e1   Thumb Code    24  list.o(i.vListInsertEnd)
    vPortEnterCritical                       0x080027f9   Thumb Code    46  port.o(i.vPortEnterCritical)
    vPortExitCritical                        0x08002831   Thumb Code    30  port.o(i.vPortExitCritical)
    vPortFree                                0x08002855   Thumb Code    68  heap_4.o(i.vPortFree)
    vPortSetupTimerInterrupt                 0x0800289d   Thumb Code    26  port.o(i.vPortSetupTimerInterrupt)
    vPortYield                               0x080028bd   Thumb Code    18  port.o(i.vPortYield)
    vTaskDelay                               0x080028d5   Thumb Code    76  tasks.o(i.vTaskDelay)
    vTaskLED                                 0x08002925   Thumb Code    64  app_led.o(i.vTaskLED)
    vTaskStartScheduler                      0x0800296d   Thumb Code    66  tasks.o(i.vTaskStartScheduler)
    vTaskSuspendAll                          0x080029c1   Thumb Code    10  tasks.o(i.vTaskSuspendAll)
    vTaskSwitchContext                       0x080029d1   Thumb Code    74  tasks.o(i.vTaskSwitchContext)
    xPortStartScheduler                      0x08002a25   Thumb Code   102  port.o(i.xPortStartScheduler)
    xPortSysTickHandler                      0x08002a99   Thumb Code    30  port.o(i.xPortSysTickHandler)
    xTaskGenericCreate                       0x08002abd   Thumb Code   388  tasks.o(i.xTaskGenericCreate)
    xTaskGetSchedulerState                   0x08002c49   Thumb Code    22  tasks.o(i.xTaskGetSchedulerState)
    xTaskIncrementTick                       0x08002c65   Thumb Code   184  tasks.o(i.xTaskIncrementTick)
    xTaskResumeAll                           0x08002d25   Thumb Code   162  tasks.o(i.xTaskResumeAll)
    APBAHBPrescTable                         0x08002dd0   Data          16  stm32f2xx_hal_rcc.o(.constdata)
    Region$$Table$$Base                      0x08002de0   Number         0  anon$$obj.o(Region$$Table)
    Region$$Table$$Limit                     0x08002e00   Number         0  anon$$obj.o(Region$$Table)
    uwTick                                   0x20000000   Data           4  stm32f2xx_hal.o(.data)
    SystemCoreClock                          0x20000004   Data           4  system_stm32f2xx.o(.data)
    counter                                  0x2000000c   Data           4  app_led.o(.data)
    pxCurrentTCB                             0x20000028   Data           4  tasks.o(.data)
    hi2c1                                    0x2000006c   Data          84  main.o(.bss)
    hspi1                                    0x200000c0   Data          88  main.o(.bss)
    hspi2                                    0x20000118   Data          88  main.o(.bss)
    htim1                                    0x20000170   Data          60  main.o(.bss)
    huart1                                   0x200001ac   Data          64  main.o(.bss)
    huart2                                   0x200001ec   Data          64  main.o(.bss)
    hpcd_USB_OTG_HS                          0x2000022c   Data         944  main.o(.bss)
    htim6                                    0x200005dc   Data          60  stm32f2xx_hal_timebase_tim.o(.bss)
    __initial_sp                             0x20004708   Data           0  startup_stm32f205xx.o(STACK)



==============================================================================

Memory Map of the image

  Image Entry point : 0x08000185

  Load Region LR_IROM1 (Base: 0x08000000, Size: 0x00002e6c, Max: 0x00080000, ABSOLUTE)

    Execution Region ER_IROM1 (Base: 0x08000000, Size: 0x00002e00, Max: 0x00080000, ABSOLUTE)

    Base Addr    Size         Type   Attr      Idx    E Section Name        Object

    0x08000000   0x00000184   Data   RO         3796    RESET               startup_stm32f205xx.o
    0x08000184   0x00000000   Code   RO         4873  * .ARM.Collect$$$$00000000  mc_w.l(entry.o)
    0x08000184   0x00000004   Code   RO         4882    .ARM.Collect$$$$00000001  mc_w.l(entry2.o)
    0x08000188   0x00000004   Code   RO         4885    .ARM.Collect$$$$00000004  mc_w.l(entry5.o)
    0x0800018c   0x00000000   Code   RO         4887    .ARM.Collect$$$$00000008  mc_w.l(entry7b.o)
    0x0800018c   0x00000000   Code   RO         4889    .ARM.Collect$$$$0000000A  mc_w.l(entry8b.o)
    0x0800018c   0x00000008   Code   RO         4890    .ARM.Collect$$$$0000000B  mc_w.l(entry9a.o)
    0x08000194   0x00000000   Code   RO         4892    .ARM.Collect$$$$0000000D  mc_w.l(entry10a.o)
    0x08000194   0x00000000   Code   RO         4894    .ARM.Collect$$$$0000000F  mc_w.l(entry11a.o)
    0x08000194   0x00000004   Code   RO         4883    .ARM.Collect$$$$00002712  mc_w.l(entry2.o)
    0x08000198   0x000000a2   Code   RO         4659    .emb_text           port.o
    0x0800023a   0x00000002   PAD
    0x0800023c   0x00000024   Code   RO         3797    .text               startup_stm32f205xx.o
    0x08000260   0x00000024   Code   RO         4876    .text               mc_w.l(memcpya.o)
    0x08000284   0x00000024   Code   RO         4878    .text               mc_w.l(memseta.o)
    0x080002a8   0x00000024   Code   RO         4896    .text               mc_w.l(init.o)
    0x080002cc   0x00000002   Code   RO         3665    i.BusFault_Handler  stm32f2xx_it.o
    0x080002ce   0x00000002   Code   RO         3666    i.DebugMon_Handler  stm32f2xx_it.o
    0x080002d0   0x00000016   Code   RO         1367    i.HAL_Delay         stm32f2xx_hal.o
    0x080002e6   0x00000002   PAD
    0x080002e8   0x000001c0   Code   RO          425    i.HAL_GPIO_Init     stm32f2xx_hal_gpio.o
    0x080004a8   0x00000008   Code   RO          428    i.HAL_GPIO_TogglePin  stm32f2xx_hal_gpio.o
    0x080004b0   0x0000000a   Code   RO          429    i.HAL_GPIO_WritePin  stm32f2xx_hal_gpio.o
    0x080004ba   0x00000002   PAD
    0x080004bc   0x0000000c   Code   RO         1373    i.HAL_GetTick       stm32f2xx_hal.o
    0x080004c8   0x00000108   Code   RO         2344    i.HAL_I2C_Init      stm32f2xx_hal_i2c.o
    0x080005d0   0x0000004c   Code   RO         3456    i.HAL_I2C_MspInit   stm32f2xx_hal_msp.o
    0x0800061c   0x00000010   Code   RO         1374    i.HAL_IncTick       stm32f2xx_hal.o
    0x0800062c   0x00000034   Code   RO         1375    i.HAL_Init          stm32f2xx_hal.o
    0x08000660   0x00000074   Code   RO         3757    i.HAL_InitTick      stm32f2xx_hal_timebase_tim.o
    0x080006d4   0x00000058   Code   RO         3457    i.HAL_MspInit       stm32f2xx_hal_msp.o
    0x0800072c   0x00000016   Code   RO          491    i.HAL_NVIC_EnableIRQ  stm32f2xx_hal_cortex.o
    0x08000742   0x00000002   PAD
    0x08000744   0x00000040   Code   RO          497    i.HAL_NVIC_SetPriority  stm32f2xx_hal_cortex.o
    0x08000784   0x00000024   Code   RO          498    i.HAL_NVIC_SetPriorityGrouping  stm32f2xx_hal_cortex.o
    0x080007a8   0x00000002   Code   RO         1026    i.HAL_PCD_ConnectCallback  stm32f2xx_hal_pcd.o
    0x080007aa   0x00000002   Code   RO         1027    i.HAL_PCD_DataInStageCallback  stm32f2xx_hal_pcd.o
    0x080007ac   0x00000002   Code   RO         1028    i.HAL_PCD_DataOutStageCallback  stm32f2xx_hal_pcd.o
    0x080007ae   0x00000002   Code   RO         1033    i.HAL_PCD_DisconnectCallback  stm32f2xx_hal_pcd.o
    0x080007b0   0x000004dc   Code   RO         1043    i.HAL_PCD_IRQHandler  stm32f2xx_hal_pcd.o
    0x08000c8c   0x00000002   Code   RO         1044    i.HAL_PCD_ISOINIncompleteCallback  stm32f2xx_hal_pcd.o
    0x08000c8e   0x00000002   Code   RO         1045    i.HAL_PCD_ISOOUTIncompleteCallback  stm32f2xx_hal_pcd.o
    0x08000c90   0x000000be   Code   RO         1046    i.HAL_PCD_Init      stm32f2xx_hal_pcd.o
    0x08000d4e   0x00000002   PAD
    0x08000d50   0x0000005c   Code   RO         3459    i.HAL_PCD_MspInit   stm32f2xx_hal_msp.o
    0x08000dac   0x00000002   Code   RO         1049    i.HAL_PCD_ResetCallback  stm32f2xx_hal_pcd.o
    0x08000dae   0x00000002   Code   RO         1050    i.HAL_PCD_ResumeCallback  stm32f2xx_hal_pcd.o
    0x08000db0   0x00000002   Code   RO         1051    i.HAL_PCD_SOFCallback  stm32f2xx_hal_pcd.o
    0x08000db2   0x00000002   Code   RO         1053    i.HAL_PCD_SetupStageCallback  stm32f2xx_hal_pcd.o
    0x08000db4   0x00000002   Code   RO         1056    i.HAL_PCD_SuspendCallback  stm32f2xx_hal_pcd.o
    0x08000db6   0x00000002   PAD
    0x08000db8   0x00000158   Code   RO         1508    i.HAL_RCC_ClockConfig  stm32f2xx_hal_rcc.o
    0x08000f10   0x00000040   Code   RO         1512    i.HAL_RCC_GetClockConfig  stm32f2xx_hal_rcc.o
    0x08000f50   0x0000000c   Code   RO         1513    i.HAL_RCC_GetHCLKFreq  stm32f2xx_hal_rcc.o
    0x08000f5c   0x00000030   Code   RO         1515    i.HAL_RCC_GetPCLK1Freq  stm32f2xx_hal_rcc.o
    0x08000f8c   0x00000030   Code   RO         1516    i.HAL_RCC_GetPCLK2Freq  stm32f2xx_hal_rcc.o
    0x08000fbc   0x00000074   Code   RO         1517    i.HAL_RCC_GetSysClockFreq  stm32f2xx_hal_rcc.o
    0x08001030   0x000002e4   Code   RO         1520    i.HAL_RCC_OscConfig  stm32f2xx_hal_rcc.o
    0x08001314   0x00000080   Code   RO          764    i.HAL_SPI_Init      stm32f2xx_hal_spi.o
    0x08001394   0x00000094   Code   RO         3461    i.HAL_SPI_MspInit   stm32f2xx_hal_msp.o
    0x08001428   0x00000018   Code   RO          500    i.HAL_SYSTICK_CLKSourceConfig  stm32f2xx_hal_cortex.o
    0x08001440   0x00000028   Code   RO          502    i.HAL_SYSTICK_Config  stm32f2xx_hal_cortex.o
    0x08001468   0x00000002   Code   RO         2731    i.HAL_TIMEx_BreakCallback  stm32f2xx_hal_tim_ex.o
    0x0800146a   0x00000002   Code   RO         2732    i.HAL_TIMEx_CommutationCallback  stm32f2xx_hal_tim_ex.o
    0x0800146c   0x00000050   Code   RO         2748    i.HAL_TIMEx_MasterConfigSynchronization  stm32f2xx_hal_tim_ex.o
    0x080014bc   0x00000036   Code   RO         1704    i.HAL_TIM_Base_Init  stm32f2xx_hal_tim.o
    0x080014f2   0x00000002   PAD
    0x080014f4   0x00000028   Code   RO         3463    i.HAL_TIM_Base_MspInit  stm32f2xx_hal_msp.o
    0x0800151c   0x00000018   Code   RO         1709    i.HAL_TIM_Base_Start_IT  stm32f2xx_hal_tim.o
    0x08001534   0x000000f2   Code   RO         1713    i.HAL_TIM_ConfigClockSource  stm32f2xx_hal_tim.o
    0x08001626   0x00000002   Code   RO         1733    i.HAL_TIM_IC_CaptureCallback  stm32f2xx_hal_tim.o
    0x08001628   0x00000166   Code   RO         1746    i.HAL_TIM_IRQHandler  stm32f2xx_hal_tim.o
    0x0800178e   0x00000002   Code   RO         1749    i.HAL_TIM_OC_DelayElapsedCallback  stm32f2xx_hal_tim.o
    0x08001790   0x00000002   Code   RO         1776    i.HAL_TIM_PWM_PulseFinishedCallback  stm32f2xx_hal_tim.o
    0x08001792   0x00000002   PAD
    0x08001794   0x00000014   Code   RO         3540    i.HAL_TIM_PeriodElapsedCallback  main.o
    0x080017a8   0x00000002   Code   RO         1787    i.HAL_TIM_TriggerCallback  stm32f2xx_hal_tim.o
    0x080017aa   0x00000062   Code   RO         3028    i.HAL_UART_Init     stm32f2xx_hal_uart.o
    0x0800180c   0x0000008c   Code   RO         3465    i.HAL_UART_MspInit  stm32f2xx_hal_msp.o
    0x08001898   0x00000002   Code   RO         3667    i.HardFault_Handler  stm32f2xx_it.o
    0x0800189a   0x00000002   PAD
    0x0800189c   0x000000c0   Code   RO         4846    i.LED_GPIO_Init     bsp_led.o
    0x0800195c   0x00000098   Code   RO         3541    i.MX_GPIO_Init      main.o
    0x080019f4   0x00000040   Code   RO         3542    i.MX_SPI1_Init      main.o
    0x08001a34   0x00000040   Code   RO         3543    i.MX_SPI2_Init      main.o
    0x08001a74   0x00000050   Code   RO         3544    i.MX_TIM1_Init      main.o
    0x08001ac4   0x00000038   Code   RO         3545    i.MX_USB_OTG_HS_PCD_Init  main.o
    0x08001afc   0x00000002   Code   RO         3668    i.MemManage_Handler  stm32f2xx_it.o
    0x08001afe   0x00000002   Code   RO         3669    i.NMI_Handler       stm32f2xx_it.o
    0x08001b00   0x00000020   Code   RO          504    i.NVIC_SetPriority  stm32f2xx_hal_cortex.o
    0x08001b20   0x0000000c   Code   RO         3670    i.OTG_HS_IRQHandler  stm32f2xx_it.o
    0x08001b2c   0x00000088   Code   RO         1057    i.PCD_WriteEmptyTxFifo  stm32f2xx_hal_pcd.o
    0x08001bb4   0x00000004   Code   RO         3671    i.SysTick_Handler   stm32f2xx_it.o
    0x08001bb8   0x00000070   Code   RO         3547    i.SystemClock_Config  main.o
    0x08001c28   0x00000048   Code   RO         3419    i.SystemInit        system_stm32f2xx.o
    0x08001c70   0x0000000c   Code   RO         3672    i.TIM6_DAC_IRQHandler  stm32f2xx_it.o
    0x08001c7c   0x000000c0   Code   RO         1788    i.TIM_Base_SetConfig  stm32f2xx_hal_tim.o
    0x08001d3c   0x00000014   Code   RO         1795    i.TIM_ETR_SetConfig  stm32f2xx_hal_tim.o
    0x08001d50   0x00000010   Code   RO         1796    i.TIM_ITRx_SetConfig  stm32f2xx_hal_tim.o
    0x08001d60   0x00000022   Code   RO         1802    i.TIM_TI1_ConfigInputStage  stm32f2xx_hal_tim.o
    0x08001d82   0x00000024   Code   RO         1804    i.TIM_TI2_ConfigInputStage  stm32f2xx_hal_tim.o
    0x08001da6   0x00000002   PAD
    0x08001da8   0x000002ac   Code   RO         3050    i.UART_SetConfig    stm32f2xx_hal_uart.o
    0x08002054   0x00000034   Code   RO            6    i.USB_ActivateSetup  stm32f2xx_ll_usb.o
    0x08002088   0x00000064   Code   RO            8    i.USB_CoreInit      stm32f2xx_ll_usb.o
    0x080020ec   0x00000038   Code   RO            9    i.USB_CoreReset     stm32f2xx_ll_usb.o
    0x08002124   0x00000018   Code   RO           13    i.USB_DevDisconnect  stm32f2xx_ll_usb.o
    0x0800213c   0x00000144   Code   RO           14    i.USB_DevInit       stm32f2xx_ll_usb.o
    0x08002280   0x0000000c   Code   RO           15    i.USB_DisableGlobalInt  stm32f2xx_ll_usb.o
    0x0800228c   0x0000003e   Code   RO           19    i.USB_EP0_OutStart  stm32f2xx_ll_usb.o
    0x080022ca   0x00000002   PAD
    0x080022cc   0x00000020   Code   RO           24    i.USB_FlushRxFifo   stm32f2xx_ll_usb.o
    0x080022ec   0x00000024   Code   RO           25    i.USB_FlushTxFifo   stm32f2xx_ll_usb.o
    0x08002310   0x0000003c   Code   RO           27    i.USB_GetDevSpeed   stm32f2xx_ll_usb.o
    0x0800234c   0x00000008   Code   RO           29    i.USB_GetMode       stm32f2xx_ll_usb.o
    0x08002354   0x0000000e   Code   RO           36    i.USB_ReadDevAllInEpInterrupt  stm32f2xx_ll_usb.o
    0x08002362   0x0000000e   Code   RO           37    i.USB_ReadDevAllOutEpInterrupt  stm32f2xx_ll_usb.o
    0x08002370   0x0000001e   Code   RO           38    i.USB_ReadDevInEPInterrupt  stm32f2xx_ll_usb.o
    0x0800238e   0x00000010   Code   RO           39    i.USB_ReadDevOutEPInterrupt  stm32f2xx_ll_usb.o
    0x0800239e   0x00000008   Code   RO           40    i.USB_ReadInterrupts  stm32f2xx_ll_usb.o
    0x080023a6   0x00000020   Code   RO           41    i.USB_ReadPacket    stm32f2xx_ll_usb.o
    0x080023c6   0x0000002c   Code   RO           43    i.USB_SetCurrentMode  stm32f2xx_ll_usb.o
    0x080023f2   0x00000002   PAD
    0x080023f4   0x00000028   Code   RO           48    i.USB_WritePacket   stm32f2xx_ll_usb.o
    0x0800241c   0x00000002   Code   RO         3673    i.UsageFault_Handler  stm32f2xx_it.o
    0x0800241e   0x0000000e   Code   RO         4900    i.__scatterload_copy  mc_w.l(handlers.o)
    0x0800242c   0x00000002   Code   RO         4901    i.__scatterload_null  mc_w.l(handlers.o)
    0x0800242e   0x0000000e   Code   RO         4902    i.__scatterload_zeroinit  mc_w.l(handlers.o)
    0x0800243c   0x000000d4   Code   RO         3548    i.main              main.o
    0x08002510   0x00000014   Code   RO         4211    i.osSystickHandler  cmsis_os.o
    0x08002524   0x00000034   Code   RO         3889    i.prvAddCurrentTaskToDelayedList  tasks.o
    0x08002558   0x00000054   Code   RO         3890    i.prvCheckTasksWaitingTermination  tasks.o
    0x080025ac   0x0000004c   Code   RO         3831    i.prvHeapInit       heap_4.o
    0x080025f8   0x00000018   Code   RO         3891    i.prvIdleTask       tasks.o
    0x08002610   0x0000004c   Code   RO         3832    i.prvInsertBlockIntoFreeList  heap_4.o
    0x0800265c   0x00000020   Code   RO         3893    i.prvResetNextTaskUnblockTime  tasks.o
    0x0800267c   0x00000018   Code   RO         4660    i.prvTaskExitError  port.o
    0x08002694   0x000000bc   Code   RO         3833    i.pvPortMalloc      heap_4.o
    0x08002750   0x00000020   Code   RO         4661    i.pxPortInitialiseStack  port.o
    0x08002770   0x00000024   Code   RO         4801    i.uxListRemove      list.o
    0x08002794   0x00000016   Code   RO         4802    i.vListInitialise   list.o
    0x080027aa   0x00000006   Code   RO         4803    i.vListInitialiseItem  list.o
    0x080027b0   0x00000030   Code   RO         4804    i.vListInsert       list.o
    0x080027e0   0x00000018   Code   RO         4805    i.vListInsertEnd    list.o
    0x080027f8   0x00000038   Code   RO         4663    i.vPortEnterCritical  port.o
    0x08002830   0x00000024   Code   RO         4664    i.vPortExitCritical  port.o
    0x08002854   0x00000048   Code   RO         3834    i.vPortFree         heap_4.o
    0x0800289c   0x00000020   Code   RO         4665    i.vPortSetupTimerInterrupt  port.o
    0x080028bc   0x00000018   Code   RO         4667    i.vPortYield        port.o
    0x080028d4   0x00000050   Code   RO         3903    i.vTaskDelay        tasks.o
    0x08002924   0x00000048   Code   RO         3803    i.vTaskLED          app_led.o
    0x0800296c   0x00000054   Code   RO         3915    i.vTaskStartScheduler  tasks.o
    0x080029c0   0x00000010   Code   RO         3917    i.vTaskSuspendAll   tasks.o
    0x080029d0   0x00000054   Code   RO         3918    i.vTaskSwitchContext  tasks.o
    0x08002a24   0x00000074   Code   RO         4668    i.xPortStartScheduler  port.o
    0x08002a98   0x00000024   Code   RO         4669    i.xPortSysTickHandler  port.o
    0x08002abc   0x0000018c   Code   RO         3920    i.xTaskGenericCreate  tasks.o
    0x08002c48   0x0000001c   Code   RO         3924    i.xTaskGetSchedulerState  tasks.o
    0x08002c64   0x000000c0   Code   RO         3927    i.xTaskIncrementTick  tasks.o
    0x08002d24   0x000000ac   Code   RO         3933    i.xTaskResumeAll    tasks.o
    0x08002dd0   0x00000010   Data   RO         1521    .constdata          stm32f2xx_hal_rcc.o
    0x08002de0   0x00000020   Data   RO         4898    Region$$Table       anon$$obj.o


    Execution Region RW_IRAM1 (Base: 0x20000000, Size: 0x00004708, Max: 0x00020000, ABSOLUTE)

    Base Addr    Size         Type   Attr      Idx    E Section Name        Object

    0x20000000   0x00000004   Data   RW         1381    .data               stm32f2xx_hal.o
    0x20000004   0x00000004   Data   RW         3421    .data               system_stm32f2xx.o
    0x20000008   0x00000004   Data   RW         3550    .data               main.o
    0x2000000c   0x00000004   Data   RW         3804    .data               app_led.o
    0x20000010   0x00000018   Data   RW         3839    .data               heap_4.o
    0x20000028   0x00000038   Data   RW         3936    .data               tasks.o
    0x20000060   0x0000000c   Data   RW         4670    .data               port.o
    0x2000006c   0x00000570   Zero   RW         3549    .bss                main.o
    0x200005dc   0x0000003c   Zero   RW         3760    .bss                stm32f2xx_hal_timebase_tim.o
    0x20000618   0x00003c00   Zero   RW         3838    .bss                heap_4.o
    0x20004218   0x000000f0   Zero   RW         3935    .bss                tasks.o
    0x20004308   0x00000400   Zero   RW         3794    STACK               startup_stm32f205xx.o


==============================================================================

Image component sizes


      Code (inc. data)   RO Data    RW Data    ZI Data      Debug   Object Name

        72         14          0          4          0        701   app_led.o
       192         10          0          0          0       1008   bsp_led.o
        20          0          0          0          0        571   cmsis_os.o
       412         24          0         24      15360       5675   heap_4.o
       136          0          0          0          0       3370   list.o
       760        102          0          4       1392      27290   main.o
       518         68          0         12          0       7833   port.o
        36          8        388          0       1024        768   startup_stm32f205xx.o
       102         16          0          4          0       3448   stm32f2xx_hal.o
       218         14          0          0          0      27969   stm32f2xx_hal_cortex.o
       466         50          0          0          0       3041   stm32f2xx_hal_gpio.o
       264         10          0          0          0       2919   stm32f2xx_hal_i2c.o
       584         80          0          0          0       4070   stm32f2xx_hal_msp.o
      1592         74          0          0          0       9887   stm32f2xx_hal_pcd.o
      1372         90         16          0          0       6300   stm32f2xx_hal_rcc.o
       128          0          0          0          0       1187   stm32f2xx_hal_spi.o
       984         44          0          0          0       9403   stm32f2xx_hal_tim.o
        84          0          0          0          0       2314   stm32f2xx_hal_tim_ex.o
       116         16          0          0         60       1432   stm32f2xx_hal_timebase_tim.o
       782          8          0          0          0       1988   stm32f2xx_hal_uart.o
        40         12          0          0          0       3769   stm32f2xx_it.o
       964         36          0          0          0     342522   stm32f2xx_ll_usb.o
        72         18          0          4          0       1081   system_stm32f2xx.o
      1244         92          0         56        240      13082   tasks.o

    ----------------------------------------------------------------------
     11182        786        436        108      18076     481628   Object Totals
         0          0         32          0          0          0   (incl. Generated)
        24          0          0          0          0          0   (incl. Padding)

    ----------------------------------------------------------------------

      Code (inc. data)   RO Data    RW Data    ZI Data      Debug   Library Member Name

         0          0          0          0          0          0   entry.o
         0          0          0          0          0          0   entry10a.o
         0          0          0          0          0          0   entry11a.o
         8          4          0          0          0          0   entry2.o
         4          0          0          0          0          0   entry5.o
         0          0          0          0          0          0   entry7b.o
         0          0          0          0          0          0   entry8b.o
         8          4          0          0          0          0   entry9a.o
        30          0          0          0          0          0   handlers.o
        36          8          0          0          0         68   init.o
        36          0          0          0          0         68   memcpya.o
        36          0          0          0          0        108   memseta.o

    ----------------------------------------------------------------------
       158         16          0          0          0        244   Library Totals
         0          0          0          0          0          0   (incl. Padding)

    ----------------------------------------------------------------------

      Code (inc. data)   RO Data    RW Data    ZI Data      Debug   Library Name

       158         16          0          0          0        244   mc_w.l

    ----------------------------------------------------------------------
       158         16          0          0          0        244   Library Totals

    ----------------------------------------------------------------------

==============================================================================


      Code (inc. data)   RO Data    RW Data    ZI Data      Debug   

     11340        802        436        108      18076     475472   Grand Totals
     11340        802        436        108      18076     475472   ELF Image Totals
     11340        802        436        108          0          0   ROM Totals

==============================================================================

    Total RO  Size (Code + RO Data)                11776 (  11.50kB)
    Total RW  Size (RW Data + ZI Data)             18184 (  17.76kB)
    Total ROM Size (Code + RO Data + RW Data)      11884 (  11.61kB)

==============================================================================

